Component: Arm Compiler for Embedded 6.21 Tool: armlink [5ec1fa00]

==============================================================================

Section Cross References

    main.o(.text) refers (Special) to _printf_percent.o(.ARM.Collect$$_printf_percent$$00000000) for _printf_percent
    main.o(.text) refers (Special) to _printf_f.o(.ARM.Collect$$_printf_percent$$00000003) for _printf_f
    main.o(.text) refers (Special) to printf1.o(x$fpl$printf1) for _printf_fp_dec
    main.o(.text.main) refers (Special) to _printf_percent.o(.ARM.Collect$$_printf_percent$$00000000) for _printf_percent
    main.o(.text.main) refers (Special) to _printf_f.o(.ARM.Collect$$_printf_percent$$00000003) for _printf_f
    main.o(.text.main) refers (Special) to printf1.o(x$fpl$printf1) for _printf_fp_dec
    main.o(.text.main) refers to systick_time.o(.text.systick_init) for systick_init
    main.o(.text.main) refers to pwm.o(.text.PWM_init) for PWM_init
    main.o(.text.main) refers to encoder.o(.text.encoder_init) for encoder_init
    main.o(.text.main) refers to encoder.o(.text.encoder_enable) for encoder_enable
    main.o(.text.main) refers to main.o(.bss.CurPulses) for CurPulses
    main.o(.text.main) refers to dma.o(.text.dma_channel1_4_init) for dma_channel1_4_init
    main.o(.text.main) refers to dma.o(.text.dma_channel1_4_enable) for dma_channel1_4_enable
    main.o(.text.main) refers to usart_lib.o(.text.usart_init) for usart_init
    main.o(.text.main) refers to timer3.o(.text.tim3_init) for tim3_init
    main.o(.text.main) refers to timer3.o(.text.tim3_enable) for tim3_enable
    main.o(.text.main) refers to direction.o(.text.direction_init) for direction_init
    main.o(.ARM.exidx.text.main) refers (Special) to _printf_percent.o(.ARM.Collect$$_printf_percent$$00000000) for _printf_percent
    main.o(.ARM.exidx.text.main) refers (Special) to _printf_f.o(.ARM.Collect$$_printf_percent$$00000003) for _printf_f
    main.o(.ARM.exidx.text.main) refers (Special) to printf1.o(x$fpl$printf1) for _printf_fp_dec
    main.o(.ARM.exidx.text.main) refers to main.o(.text.main) for [Anonymous Symbol]
    main.o(.text.TIM3_IRQHandler) refers (Special) to _printf_percent.o(.ARM.Collect$$_printf_percent$$00000000) for _printf_percent
    main.o(.text.TIM3_IRQHandler) refers (Special) to _printf_f.o(.ARM.Collect$$_printf_percent$$00000003) for _printf_f
    main.o(.text.TIM3_IRQHandler) refers (Special) to printf1.o(x$fpl$printf1) for _printf_fp_dec
    main.o(.text.TIM3_IRQHandler) refers to main.o(.bss.CurPulses) for CurPulses
    main.o(.text.TIM3_IRQHandler) refers to dflt_clz.o(x$fpl$dfltu) for __aeabi_ui2d
    main.o(.text.TIM3_IRQHandler) refers to ddiv.o(x$fpl$ddiv) for __aeabi_ddiv
    main.o(.text.TIM3_IRQHandler) refers to daddsub_clz.o(x$fpl$dadd) for __aeabi_dadd
    main.o(.text.TIM3_IRQHandler) refers to dmul.o(x$fpl$dmul) for __aeabi_dmul
    main.o(.text.TIM3_IRQHandler) refers to d2f.o(x$fpl$d2f) for __aeabi_d2f
    main.o(.text.TIM3_IRQHandler) refers to main.o(.bss.CurPos) for CurPos
    main.o(.text.TIM3_IRQHandler) refers to main.o(.bss.OldPulses) for OldPulses
    main.o(.text.TIM3_IRQHandler) refers to fflt_clz.o(x$fpl$fflt) for __aeabi_i2f
    main.o(.text.TIM3_IRQHandler) refers to main.o(.bss.delta) for delta
    main.o(.text.TIM3_IRQHandler) refers to fdiv.o(x$fpl$fdiv) for __aeabi_fdiv
    main.o(.text.TIM3_IRQHandler) refers to f2d.o(x$fpl$f2d) for __aeabi_f2d
    main.o(.text.TIM3_IRQHandler) refers to main.o(.bss.CurVel) for CurVel
    main.o(.text.TIM3_IRQHandler) refers to direction.o(.text.dir) for dir
    main.o(.text.TIM3_IRQHandler) refers to main.o(.data.Kd) for Kd
    main.o(.text.TIM3_IRQHandler) refers to main.o(.data.Ts) for Ts
    main.o(.text.TIM3_IRQHandler) refers to main.o(.bss.DesiredSpeed) for DesiredSpeed
    main.o(.text.TIM3_IRQHandler) refers to main.o(.data.Kp) for Kp
    main.o(.text.TIM3_IRQHandler) refers to main.o(.data.Ki) for Ki
    main.o(.text.TIM3_IRQHandler) refers to main.o(.data.alpha) for alpha
    main.o(.text.TIM3_IRQHandler) refers to pid.o(.text.PID_Velocity) for PID_Velocity
    main.o(.text.TIM3_IRQHandler) refers to main.o(.bss.pwm) for pwm
    main.o(.text.TIM3_IRQHandler) refers to main.o(.bss.index) for index
    main.o(.text.TIM3_IRQHandler) refers to main.o(.bss.velocities) for velocities
    main.o(.text.TIM3_IRQHandler) refers to main.o(.bss.sum) for sum
    main.o(.text.TIM3_IRQHandler) refers to faddsub_clz.o(x$fpl$fadd) for __aeabi_fadd
    main.o(.text.TIM3_IRQHandler) refers to main.o(.bss.tmp) for tmp
    main.o(.text.TIM3_IRQHandler) refers to main.o(.bss.pos) for pos
    main.o(.text.TIM3_IRQHandler) refers to noretval__2sprintf.o(.text) for __2sprintf
    main.o(.text.TIM3_IRQHandler) refers to usart_lib.o(.text.usart_send) for usart_send
    main.o(.text.TIM3_IRQHandler) refers to main.o(.bss.vel) for vel
[...]
    libinit2.o(.ARM.Collect$$libinit$$00000011) refers (Weak) to rt_locale_intlibspace.o(.text) for __rt_locale
    libinit2.o(.ARM.Collect$$libinit$$00000012) refers to libinit2.o(.ARM.Collect$$libinit$$00000011) for .ARM.Collect$$libinit$$00000011
    libinit2.o(.ARM.Collect$$libinit$$00000014) refers to libinit2.o(.ARM.Collect$$libinit$$00000011) for .ARM.Collect$$libinit$$00000011
    libinit2.o(.ARM.Collect$$libinit$$00000014) refers (Weak) to lc_ctype_c.o(locale$$code) for _get_lc_ctype
    libinit2.o(.ARM.Collect$$libinit$$00000016) refers to libinit2.o(.ARM.Collect$$libinit$$00000011) for .ARM.Collect$$libinit$$00000011
    libinit2.o(.ARM.Collect$$libinit$$00000018) refers to libinit2.o(.ARM.Collect$$libinit$$00000011) for .ARM.Collect$$libinit$$00000011
    libinit2.o(.ARM.Collect$$libinit$$00000018) refers (Weak) to lc_numeric_c.o(locale$$code) for _get_lc_numeric
    libinit2.o(.ARM.Collect$$libinit$$0000001A) refers to libinit2.o(.ARM.Collect$$libinit$$00000011) for .ARM.Collect$$libinit$$00000011
    libinit2.o(.ARM.Collect$$libinit$$00000028) refers to argv_veneer.o(.emb_text) for __ARM_argv_veneer
    libinit2.o(.ARM.Collect$$libinit$$00000029) refers to argv_veneer.o(.emb_text) for __ARM_argv_veneer
    rtexit.o(.ARM.Collect$$rtexit$$00000000) refers (Special) to rtexit2.o(.ARM.Collect$$rtexit$$00000004) for __rt_exit_exit
    rtexit.o(.ARM.Collect$$rtexit$$00000000) refers (Special) to rtexit2.o(.ARM.Collect$$rtexit$$00000003) for __rt_exit_ls
    rtexit.o(.ARM.Collect$$rtexit$$00000000) refers (Special) to rtexit2.o(.ARM.Collect$$rtexit$$00000002) for __rt_exit_prels_1
    rtexit.o(.ARM.exidx) refers (Special) to rtexit2.o(.ARM.Collect$$rtexit$$00000004) for __rt_exit_exit
    rtexit.o(.ARM.exidx) refers (Special) to rtexit2.o(.ARM.Collect$$rtexit$$00000003) for __rt_exit_ls
    rtexit.o(.ARM.exidx) refers (Special) to rtexit2.o(.ARM.Collect$$rtexit$$00000002) for __rt_exit_prels_1
    rtexit.o(.ARM.exidx) refers to rtexit.o(.ARM.Collect$$rtexit$$00000000) for .ARM.Collect$$rtexit$$00000000
    argv_veneer.o(.emb_text) refers to no_argv.o(.text) for __ARM_get_argv
    rtexit2.o(.ARM.Collect$$rtexit$$00000003) refers to libshutdown.o(.ARM.Collect$$libshutdown$$00000000) for __rt_lib_shutdown
    rtexit2.o(.ARM.Collect$$rtexit$$00000004) refers to sys_exit.o(.text) for _sys_exit
    rtexit2.o(.ARM.exidx) refers to rtexit2.o(.ARM.Collect$$rtexit$$00000001) for .ARM.Collect$$rtexit$$00000001
    rtexit2.o(.ARM.exidx) refers to rtexit2.o(.ARM.Collect$$rtexit$$00000003) for .ARM.Collect$$rtexit$$00000003
    rtexit2.o(.ARM.exidx) refers to rtexit2.o(.ARM.Collect$$rtexit$$00000004) for .ARM.Collect$$rtexit$$00000004
    _get_argv_nomalloc.o(.text) refers (Special) to hrguard.o(.text) for __heap_region$guard
    _get_argv_nomalloc.o(.text) refers to defsig_rtmem_outer.o(.text) for __rt_SIGRTMEM
    _get_argv_nomalloc.o(.text) refers to sys_command.o(.text) for _sys_command_string
    sys_command.o(.text) refers (Special) to use_no_semi.o(.text) for __I$use$semihosting
    sys_command.o(.text) refers (Special) to indicate_semi.o(.text) for __semihosting_library_function
    sys_exit.o(.text) refers (Special) to use_no_semi.o(.text) for __I$use$semihosting
    sys_exit.o(.text) refers (Special) to indicate_semi.o(.text) for __semihosting_library_function
    sys_command_hlt.o(.text) refers (Special) to use_no_semi.o(.text) for __I$use$semihosting
    sys_command_hlt.o(.text) refers (Special) to indicate_semi.o(.text) for __semihosting_library_function
    sys_exit_hlt.o(.text) refers (Special) to use_no_semi.o(.text) for __I$use$semihosting
    sys_exit_hlt.o(.text) refers (Special) to indicate_semi.o(.text) for __semihosting_library_function
    defsig_rtmem_outer.o(.text) refers to defsig_rtmem_inner.o(.text) for __rt_SIGRTMEM_inner
    defsig_rtmem_outer.o(.text) refers to defsig_exit.o(.text) for __sig_exit
    defsig_rtmem_formal.o(.text) refers to rt_raise.o(.text) for __rt_raise
    libshutdown.o(.ARM.Collect$$libshutdown$$00000000) refers (Special) to libshutdown2.o(.ARM.Collect$$libshutdown$$00000002) for __rt_lib_shutdown_cpp_1
    libshutdown.o(.ARM.Collect$$libshutdown$$00000000) refers (Special) to libshutdown2.o(.ARM.Collect$$libshutdown$$00000007) for __rt_lib_shutdown_fp_trap_1
    libshutdown.o(.ARM.Collect$$libshutdown$$00000000) refers (Special) to libshutdown2.o(.ARM.Collect$$libshutdown$$0000000F) for __rt_lib_shutdown_heap_1
    libshutdown.o(.ARM.Collect$$libshutdown$$00000000) refers (Special) to libshutdown2.o(.ARM.Collect$$libshutdown$$00000010) for __rt_lib_shutdown_return
    libshutdown.o(.ARM.Collect$$libshutdown$$00000000) refers (Special) to libshutdown2.o(.ARM.Collect$$libshutdown$$0000000A) for __rt_lib_shutdown_signal_1
    libshutdown.o(.ARM.Collect$$libshutdown$$00000000) refers (Special) to libshutdown2.o(.ARM.Collect$$libshutdown$$00000004) for __rt_lib_shutdown_stdio_1
    libshutdown.o(.ARM.Collect$$libshutdown$$00000000) refers (Special) to libshutdown2.o(.ARM.Collect$$libshutdown$$0000000C) for __rt_lib_shutdown_user_alloc_1
    rt_raise.o(.text) refers to __raise.o(.text) for __raise
    rt_raise.o(.text) refers to sys_exit.o(.text) for _sys_exit
    defsig_exit.o(.text) refers to sys_exit.o(.text) for _sys_exit
    defsig_rtmem_inner.o(.text) refers to defsig_general.o(.text) for __default_signal_display
    __raise.o(.text) refers to defsig.o(CL$$defsig) for __default_signal_handler
    defsig_general.o(.text) refers to sys_wrch.o(.text) for _ttywrch
    sys_wrch.o(.text) refers (Special) to use_no_semi.o(.text) for __I$use$semihosting
    sys_wrch.o(.text) refers (Special) to indicate_semi.o(.text) for __semihosting_library_function
    sys_wrch_hlt.o(.text) refers (Special) to use_no_semi.o(.text) for __I$use$semihosting
    sys_wrch_hlt.o(.text) refers (Special) to indicate_semi.o(.text) for __semihosting_library_function
    defsig.o(CL$$defsig) refers to defsig_rtmem_inner.o(.text) for __rt_SIGRTMEM_inner
    defsig_abrt_inner.o(.text) refers to defsig_general.o(.text) for __default_signal_display
    defsig_fpe_inner.o(.text) refers to defsig_general.o(.text) for __default_signal_display
    defsig_rtred_inner.o(.text) refers to defsig_general.o(.text) for __default_signal_display
    defsig_stak_inner.o(.text) refers to defsig_general.o(.text) for __default_signal_display
    defsig_pvfn_inner.o(.text) refers to defsig_general.o(.text) for __default_signal_display
    defsig_cppl_inner.o(.text) refers to defsig_general.o(.text) for __default_signal_display
    defsig_segv_inner.o(.text) refers to defsig_general.o(.text) for __default_signal_display
    defsig_other.o(.text) refers to defsig_general.o(.text) for __default_signal_display


==============================================================================

Removing Unused input sections from the image.

    Removing main.o(.text), (0 bytes).
    Removing main.o(.ARM.exidx.text.main), (8 bytes).
    Removing main.o(.ARM.exidx.text.TIM3_IRQHandler), (8 bytes).
    Removing main.o(.ARM.exidx.text.USART2_IRQHandler), (8 bytes).
    Removing main.o(.bss.RevCnt), (4 bytes).
    Removing main.o(.bss.OldPos), (4 bytes).
    Removing main.o(.data.a), (4 bytes).
    Removing main.o(.ARM.use_no_argv), (4 bytes).
    Removing direction.o(.text), (0 bytes).
    Removing direction.o(.ARM.exidx.text.direction_init), (8 bytes).
    Removing direction.o(.ARM.exidx.text.dir), (8 bytes).
    Removing dma.o(.text), (0 bytes).
    Removing dma.o(.ARM.exidx.text.dma_channel1_4_init), (8 bytes).
    Removing dma.o(.ARM.exidx.text.dma_channel1_4_enable), (8 bytes).
    Removing encoder.o(.text), (0 bytes).
    Removing encoder.o(.ARM.exidx.text.encoder_init), (8 bytes).
    Removing encoder.o(.ARM.exidx.text.encoder_enable), (8 bytes).
    Removing pid.o(.text), (0 bytes).
    Removing pid.o(.ARM.exidx.text.PID_Velocity), (8 bytes).
    Removing pid.o(.text.PID_Position), (472 bytes).
    Removing pid.o(.ARM.exidx.text.PID_Position), (8 bytes).
    Removing pid.o(.bss.PID_Position.InitialPos), (4 bytes).
    Removing pid.o(.bss.PID_Position.flag), (1 bytes).
    Removing pwm.o(.text), (0 bytes).
    Removing pwm.o(.ARM.exidx.text.PWM_init), (8 bytes).
    Removing timer3.o(.text), (0 bytes).
    Removing timer3.o(.ARM.exidx.text.tim3_init), (8 bytes).
    Removing timer3.o(.ARM.exidx.text.tim3_enable), (8 bytes).
    Removing usart_lib.o(.text), (0 bytes).
    Removing usart_lib.o(.ARM.exidx.text.usart_init), (8 bytes).
    Removing usart_lib.o(.text.usart_tx), (60 bytes).
    Removing usart_lib.o(.ARM.exidx.text.usart_tx), (8 bytes).
    Removing usart_lib.o(.text.usart_rx), (58 bytes).
    Removing usart_lib.o(.ARM.exidx.text.usart_rx), (8 bytes).
    Removing usart_lib.o(.ARM.exidx.text.usart_send), (8 bytes).
    Removing systick_time.o(.text), (0 bytes).
    Removing systick_time.o(.ARM.exidx.text.systick_init), (8 bytes).
    Removing systick_time.o(.text.delaymillis), (32 bytes).
    Removing systick_time.o(.ARM.exidx.text.delaymillis), (8 bytes).
    Removing systick_time.o(.text.delay), (44 bytes).
    Removing systick_time.o(.ARM.exidx.text.delay), (8 bytes).
    Removing systick_time.o(.text.systick_int_init), (30 bytes).
    Removing systick_time.o(.ARM.exidx.text.systick_int_init), (8 bytes).
    Removing systick_time.o(.text.systick_int_start), (132 bytes).
    Removing systick_time.o(.ARM.exidx.text.systick_int_start), (8 bytes).
    Removing system_stm32f10x.o(.text), (0 bytes).
    Removing system_stm32f10x.o(.ARM.exidx.text.SystemInit), (8 bytes).
    Removing system_stm32f10x.o(.text.SystemCoreClockUpdate), (94 bytes).
    Removing system_stm32f10x.o(.ARM.exidx.text.SystemCoreClockUpdate), (8 bytes).
    Removing system_stm32f10x.o(.data.SystemCoreClock), (4 bytes).
    Removing system_stm32f10x.o(.rodata.AHBPrescTable), (16 bytes).

51 unused section(s) (total 1163 bytes) removed from the image.

==============================================================================

Image Symbol Table

    Local Symbols

    Symbol Name                              Value     Ov Type        Size  Object(Section)

    ../clib/angel/boardlib.s                 0x00000000   Number         0  boardinit1.o ABSOLUTE
    ../clib/angel/boardlib.s                 0x00000000   Number         0  boardinit2.o ABSOLUTE
    ../clib/angel/boardlib.s                 0x00000000   Number         0  boardinit3.o ABSOLUTE
    ../clib/angel/boardlib.s                 0x00000000   Number         0  boardshut.o ABSOLUTE
    ../clib/angel/handlers.s                 0x00000000   Number         0  __scatter_copy.o ABSOLUTE
    ../clib/angel/handlers.s                 0x00000000   Number         0  __scatter_zi.o ABSOLUTE
    ../clib/angel/kernel.s                   0x00000000   Number         0  __rtentry.o ABSOLUTE
    ../clib/angel/kernel.s                   0x00000000   Number         0  __rtentry2.o ABSOLUTE
    ../clib/angel/kernel.s                   0x00000000   Number         0  __rtentry4.o ABSOLUTE
    ../clib/angel/kernel.s                   0x00000000   Number         0  rtexit.o ABSOLUTE
    ../clib/angel/kernel.s                   0x00000000   Number         0  rtexit2.o ABSOLUTE
    ../clib/angel/rt.s                       0x00000000   Number         0  rt_errno_addr.o ABSOLUTE
    ../clib/angel/rt.s                       0x00000000   Number         0  rt_errno_addr_intlibspace.o ABSOLUTE
    ../clib/angel/rt.s                       0x00000000   Number         0  rt_ctype_table.o ABSOLUTE
    ../clib/angel/rt.s                       0x00000000   Number         0  rt_locale.o ABSOLUTE
    ../clib/angel/rt.s                       0x00000000   Number         0  rt_locale_intlibspace.o ABSOLUTE
    ../clib/angel/rt.s                       0x00000000   Number         0  rt_raise.o ABSOLUTE
    ../clib/angel/scatter.s                  0x00000000   Number         0  __scatter.o ABSOLUTE
    ../clib/angel/startup.s                  0x00000000   Number         0  __main.o ABSOLUTE
    ../clib/angel/sys.s                      0x00000000   Number         0  libspace.o ABSOLUTE
    ../clib/angel/sys.s                      0x00000000   Number         0  sys_stackheap_outer.o ABSOLUTE
    ../clib/angel/sys.s                      0x00000000   Number         0  use_no_semi.o ABSOLUTE
    ../clib/angel/sys.s                      0x00000000   Number         0  indicate_semi.o ABSOLUTE
    ../clib/angel/sysapp.c                   0x00000000   Number         0  sys_command.o ABSOLUTE
    ../clib/angel/sysapp.c                   0x00000000   Number         0  sys_exit.o ABSOLUTE
    ../clib/angel/sysapp.c                   0x00000000   Number         0  sys_command_hlt.o ABSOLUTE
    ../clib/angel/sysapp.c                   0x00000000   Number         0  sys_exit_hlt.o ABSOLUTE
    ../clib/angel/sysapp.c                   0x00000000   Number         0  sys_wrch.o ABSOLUTE
    ../clib/angel/sysapp.c                   0x00000000   Number         0  sys_wrch_hlt.o ABSOLUTE
    ../clib/armsys.c                         0x00000000   Number         0  argv_veneer.o ABSOLUTE
    ../clib/armsys.c                         0x00000000   Number         0  argv_veneer.o ABSOLUTE
    ../clib/armsys.c                         0x00000000   Number         0  _get_argv_nomalloc.o ABSOLUTE
    ../clib/armsys.c                         0x00000000   Number         0  no_argv.o ABSOLUTE
    ../clib/bigflt.c                         0x00000000   Number         0  bigflt0.o ABSOLUTE
    ../clib/btod.s                           0x00000000   Number         0  btod.o ABSOLUTE
    ../clib/btod_accurate.c                  0x00000000   Number         0  btod_accurate.o ABSOLUTE
    ../clib/btod_accurate.c                  0x00000000   Number         0  btod_accurate_common.o ABSOLUTE
    ../clib/fenv.c                           0x00000000   Number         0  _rserrno.o ABSOLUTE
    ../clib/heapalloc.c                      0x00000000   Number         0  hrguard.o ABSOLUTE
    ../clib/heapaux.c                        0x00000000   Number         0  heapauxi.o ABSOLUTE
    ../clib/libinit.s                        0x00000000   Number         0  libinit.o ABSOLUTE
    ../clib/libinit.s                        0x00000000   Number         0  libinit2.o ABSOLUTE
    ../clib/libinit.s                        0x00000000   Number         0  libshutdown.o ABSOLUTE
    ../clib/libinit.s                        0x00000000   Number         0  libshutdown2.o ABSOLUTE
    ../clib/locale.s                         0x00000000   Number         0  lc_numeric_c.o ABSOLUTE
    ../clib/locale.s                         0x00000000   Number         0  lc_ctype_c.o ABSOLUTE
    ../clib/longlong.s                       0x00000000   Number         0  lludiv10.o ABSOLUTE
    ../clib/longlong.s                       0x00000000   Number         0  llushr.o ABSOLUTE
    ../clib/memcpset.s                       0x00000000   Number         0  strcmpv7m.o ABSOLUTE
    ../clib/misc.s                           0x00000000   Number         0  printf_stubs.o ABSOLUTE
    ../clib/printf.c                         0x00000000   Number         0  __2sprintf.o ABSOLUTE
    ../clib/printf.c                         0x00000000   Number         0  noretval__2sprintf.o ABSOLUTE
    ../clib/printf.c                         0x00000000   Number         0  __printf.o ABSOLUTE
    ../clib/printf.c                         0x00000000   Number         0  __printf_flags.o ABSOLUTE
    ../clib/printf.c                         0x00000000   Number         0  __printf_ss.o ABSOLUTE
    ../clib/printf.c                         0x00000000   Number         0  __printf_flags_ss.o ABSOLUTE
    ../clib/printf.c                         0x00000000   Number         0  __printf_wp.o ABSOLUTE
    ../clib/printf.c                         0x00000000   Number         0  __printf_flags_wp.o ABSOLUTE
    ../clib/printf.c                         0x00000000   Number         0  __printf_ss_wp.o ABSOLUTE
    ../clib/printf.c                         0x00000000   Number         0  __printf_flags_ss_wp.o ABSOLUTE
    ../clib/printf.c                         0x00000000   Number         0  _printf_fp_dec.o ABSOLUTE
    ../clib/printf.c                         0x00000000   Number         0  _printf_fp_dec_accurate.o ABSOLUTE
    ../clib/printf.c                         0x00000000   Number         0  _printf_char_common.o ABSOLUTE
    ../clib/printf.c                         0x00000000   Number         0  _sputc.o ABSOLUTE
    ../clib/printf.c                         0x00000000   Number         0  _printf_fp_infnan.o ABSOLUTE
    ../clib/printf.c                         0x00000000   Number         0  __printf_nopercent.o ABSOLUTE
    ../clib/printf_percent.s                 0x00000000   Number         0  _printf_f.o ABSOLUTE
    ../clib/printf_percent.s                 0x00000000   Number         0  _printf_percent.o ABSOLUTE
    ../clib/printf_percent.s                 0x00000000   Number         0  _printf_percent_end.o ABSOLUTE
    ../clib/scanf.c                          0x00000000   Number         0  atoi.o ABSOLUTE
    ../clib/scanf.c                          0x00000000   Number         0  strtol.o ABSOLUTE
    ../clib/scanf.c                          0x00000000   Number         0  _strtoul.o ABSOLUTE
    ../clib/scanf.c                          0x00000000   Number         0  _chval.o ABSOLUTE
    ../clib/signal.c                         0x00000000   Number         0  defsig_rtmem_outer.o ABSOLUTE
    ../clib/signal.c                         0x00000000   Number         0  defsig_rtmem_formal.o ABSOLUTE
    ../clib/signal.c                         0x00000000   Number         0  defsig_exit.o ABSOLUTE
    ../clib/signal.c                         0x00000000   Number         0  defsig_rtmem_inner.o ABSOLUTE
    ../clib/signal.c                         0x00000000   Number         0  __raise.o ABSOLUTE
    ../clib/signal.c                         0x00000000   Number         0  defsig_general.o ABSOLUTE
    ../clib/signal.c                         0x00000000   Number         0  defsig_abrt_inner.o ABSOLUTE
    ../clib/signal.c                         0x00000000   Number         0  defsig_fpe_inner.o ABSOLUTE
    ../clib/signal.c                         0x00000000   Number         0  defsig_rtred_inner.o ABSOLUTE
    ../clib/signal.c                         0x00000000   Number         0  defsig_stak_inner.o ABSOLUTE
    ../clib/signal.c                         0x00000000   Number         0  defsig_pvfn_inner.o ABSOLUTE
    ../clib/signal.c                         0x00000000   Number         0  defsig_cppl_inner.o ABSOLUTE
    ../clib/signal.c                         0x00000000   Number         0  defsig_segv_inner.o ABSOLUTE
    ../clib/signal.c                         0x00000000   Number         0  defsig_other.o ABSOLUTE
    ../clib/signal.s                         0x00000000   Number         0  defsig.o ABSOLUTE
    ../clib/stdlib.c                         0x00000000   Number         0  exit.o ABSOLUTE
    ../fplib/d2f.s                           0x00000000   Number         0  d2f.o ABSOLUTE
    ../fplib/daddsub.s                       0x00000000   Number         0  daddsub_clz.o ABSOLUTE
    ../fplib/ddiv.s                          0x00000000   Number         0  ddiv.o ABSOLUTE
    ../fplib/dflt.s                          0x00000000   Number         0  dflt_clz.o ABSOLUTE
    ../fplib/dmul.s                          0x00000000   Number         0  dmul.o ABSOLUTE
    ../fplib/dnaninf.s                       0x00000000   Number         0  dnaninf.o ABSOLUTE
    ../fplib/dretinf.s                       0x00000000   Number         0  dretinf.o ABSOLUTE
    ../fplib/f2d.s                           0x00000000   Number         0  f2d.o ABSOLUTE
    ../fplib/faddsub.s                       0x00000000   Number         0  faddsub_clz.o ABSOLUTE
    ../fplib/fcmp.s                          0x00000000   Number         0  fcmp.o ABSOLUTE
    ../fplib/fcmpi.s                         0x00000000   Number         0  fcmpi.o ABSOLUTE
    ../fplib/fdiv.s                          0x00000000   Number         0  fdiv.o ABSOLUTE
    ../fplib/feqf.s                          0x00000000   Number         0  feqf.o ABSOLUTE
    ../fplib/ffix.s                          0x00000000   Number         0  ffix.o ABSOLUTE
    ../fplib/fflt.s                          0x00000000   Number         0  fflt_clz.o ABSOLUTE
    ../fplib/fgeqf.s                         0x00000000   Number         0  fgeqf.o ABSOLUTE
    ../fplib/fleqf.s                         0x00000000   Number         0  fleqf.o ABSOLUTE
    ../fplib/fmul.s                          0x00000000   Number         0  fmul.o ABSOLUTE
    ../fplib/fnaninf.s                       0x00000000   Number         0  fnaninf.o ABSOLUTE
    ../fplib/fpinit.s                        0x00000000   Number         0  fpinit.o ABSOLUTE
    ../fplib/fpinit_empty.s                  0x00000000   Number         0  fpinit_empty.o ABSOLUTE
    ../fplib/fretinf.s                       0x00000000   Number         0  fretinf.o ABSOLUTE
    ../fplib/fsqrt.s                         0x00000000   Number         0  fsqrt.o ABSOLUTE
    ../fplib/istatus.s                       0x00000000   Number         0  istatus.o ABSOLUTE
    ../fplib/printf1.s                       0x00000000   Number         0  printf1.o ABSOLUTE
    ../fplib/usenofp.s                       0x00000000   Number         0  usenofp.o ABSOLUTE
    ../mathlib/fpclassify.c                  0x00000000   Number         0  fpclassify.o ABSOLUTE
    ../mathlib/sqrtf.c                       0x00000000   Number         0  sqrtf.o ABSOLUTE
    PID.c                                    0x00000000   Number         0  pid.o ABSOLUTE
    PWM.c                                    0x00000000   Number         0  pwm.o ABSOLUTE
    RTE/Device/STM32F103C8/startup_stm32f10x_md.s 0x00000000   Number         0  startup_stm32f10x_md.o ABSOLUTE
    dc.s                                     0x00000000   Number         0  dc.o ABSOLUTE
    direction.c                              0x00000000   Number         0  direction.o ABSOLUTE
    dma.c                                    0x00000000   Number         0  dma.o ABSOLUTE
    encoder.c                                0x00000000   Number         0  encoder.o ABSOLUTE
    main.c                                   0x00000000   Number         0  main.o ABSOLUTE
    system_stm32f10x.c                       0x00000000   Number         0  system_stm32f10x.o ABSOLUTE
    systick_time.c                           0x00000000   Number         0  systick_time.o ABSOLUTE
    timer3.c                                 0x00000000   Number         0  timer3.o ABSOLUTE
    usart_lib.c                              0x00000000   Number         0  usart_lib.o ABSOLUTE
    RESET                                    0x08000000   Section      236  startup_stm32f10x_md.o(RESET)
    !!!main                                  0x080000ec   Section        8  __main.o(!!!main)
    !!!scatter                               0x080000f4   Section       92  __scatter.o(!!!scatter)
    !!handler_copy                           0x08000150   Section       26  __scatter_copy.o(!!handler_copy)
    !!handler_null                           0x0800016c   Section        2  __scatter.o(!!handler_null)
    !!handler_zi                             0x08000170   Section       28  __scatter_zi.o(!!handler_zi)
    .ARM.Collect$$_printf_percent$$00000000  0x0800018c   Section        0  _printf_percent.o(.ARM.Collect$$_printf_percent$$00000000)
    .ARM.Collect$$_printf_percent$$00000003  0x0800018c   Section        6  _printf_f.o(.ARM.Collect$$_printf_percent$$00000003)
    .ARM.Collect$$_printf_percent$$00000017  0x08000192   Section        4  _printf_percent_end.o(.ARM.Collect$$_printf_percent$$00000017)
    .ARM.Collect$$libinit$$00000000          0x08000196   Section        2  libinit.o(.ARM.Collect$$libinit$$00000000)
    .ARM.Collect$$libinit$$00000002          0x08000198   Section        0  libinit2.o(.ARM.Collect$$libinit$$00000002)
    .ARM.Collect$$libinit$$00000004          0x08000198   Section        0  libinit2.o(.ARM.Collect$$libinit$$00000004)
    .ARM.Collect$$libinit$$00000006          0x08000198   Section        0  libinit2.o(.ARM.Collect$$libinit$$00000006)
    .ARM.Collect$$libinit$$0000000C          0x08000198   Section        0  libinit2.o(.ARM.Collect$$libinit$$0000000C)
    .ARM.Collect$$libinit$$0000000E          0x08000198   Section        0  libinit2.o(.ARM.Collect$$libinit$$0000000E)
    .ARM.Collect$$libinit$$00000010          0x08000198   Section        0  libinit2.o(.ARM.Collect$$libinit$$00000010)
    .ARM.Collect$$libinit$$00000011          0x08000198   Section        6  libinit2.o(.ARM.Collect$$libinit$$00000011)
    .ARM.Collect$$libinit$$00000013          0x0800019e   Section        0  libinit2.o(.ARM.Collect$$libinit$$00000013)
    .ARM.Collect$$libinit$$00000014          0x0800019e   Section       12  libinit2.o(.ARM.Collect$$libinit$$00000014)
    .ARM.Collect$$libinit$$00000015          0x080001aa   Section        0  libinit2.o(.ARM.Collect$$libinit$$00000015)
    .ARM.Collect$$libinit$$00000017          0x080001aa   Section        0  libinit2.o(.ARM.Collect$$libinit$$00000017)
    .ARM.Collect$$libinit$$00000018          0x080001aa   Section       10  libinit2.o(.ARM.Collect$$libinit$$00000018)
    .ARM.Collect$$libinit$$00000019          0x080001b4   Section        0  libinit2.o(.ARM.Collect$$libinit$$00000019)
    .ARM.Collect$$libinit$$0000001B          0x080001b4   Section        0  libinit2.o(.ARM.Collect$$libinit$$0000001B)
    .ARM.Collect$$libinit$$0000001D          0x080001b4   Section        0  libinit2.o(.ARM.Collect$$libinit$$0000001D)
    .ARM.Collect$$libinit$$0000001F          0x080001b4   Section        0  libinit2.o(.ARM.Collect$$libinit$$0000001F)
    .ARM.Collect$$libinit$$00000021          0x080001b4   Section        0  libinit2.o(.ARM.Collect$$libinit$$00000021)
    .ARM.Collect$$libinit$$00000023          0x080001b4   Section        0  libinit2.o(.ARM.Collect$$libinit$$00000023)
    .ARM.Collect$$libinit$$00000025          0x080001b4   Section        0  libinit2.o(.ARM.Collect$$libinit$$00000025)
    .ARM.Collect$$libinit$$00000027          0x080001b4   Section        0  libinit2.o(.ARM.Collect$$libinit$$00000027)
    .ARM.Collect$$libinit$$0000002E          0x080001b4   Section        0  libinit2.o(.ARM.Collect$$libinit$$0000002E)
    .ARM.Collect$$libinit$$00000030          0x080001b4   Section        0  libinit2.o(.ARM.Collect$$libinit$$00000030)
    .ARM.Collect$$libinit$$00000032          0x080001b4   Section        0  libinit2.o(.ARM.Collect$$libinit$$00000032)
    .ARM.Collect$$libinit$$00000034          0x080001b4   Section        0  libinit2.o(.ARM.Collect$$libinit$$00000034)
    .ARM.Collect$$libinit$$00000035          0x080001b4   Section        2  libinit2.o(.ARM.Collect$$libinit$$00000035)
    .ARM.Collect$$libshutdown$$00000000      0x080001b6   Section        2  libshutdown.o(.ARM.Collect$$libshutdown$$00000000)
    .ARM.Collect$$libshutdown$$00000002      0x080001b8   Section        0  libshutdown2.o(.ARM.Collect$$libshutdown$$00000002)
    .ARM.Collect$$libshutdown$$00000004      0x080001b8   Section        0  libshutdown2.o(.ARM.Collect$$libshutdown$$00000004)
    .ARM.Collect$$libshutdown$$00000007      0x080001b8   Section        0  libshutdown2.o(.ARM.Collect$$libshutdown$$00000007)
    .ARM.Collect$$libshutdown$$0000000A      0x080001b8   Section        0  libshutdown2.o(.ARM.Collect$$libshutdown$$0000000A)
    .ARM.Collect$$libshutdown$$0000000C      0x080001b8   Section        0  libshutdown2.o(.ARM.Collect$$libshutdown$$0000000C)
    .ARM.Collect$$libshutdown$$0000000F      0x080001b8   Section        0  libshutdown2.o(.ARM.Collect$$libshutdown$$0000000F)
    .ARM.Collect$$libshutdown$$00000010      0x080001b8   Section        2  libshutdown2.o(.ARM.Collect$$libshutdown$$00000010)
    .ARM.Collect$$rtentry$$00000000          0x080001ba   Section        0  __rtentry.o(.ARM.Collect$$rtentry$$00000000)
    .ARM.Collect$$rtentry$$00000002          0x080001ba   Section        0  __rtentry2.o(.ARM.Collect$$rtentry$$00000002)
    .ARM.Collect$$rtentry$$00000004          0x080001ba   Section        6  __rtentry4.o(.ARM.Collect$$rtentry$$00000004)
    .ARM.Collect$$rtentry$$00000009          0x080001c0   Section        0  __rtentry2.o(.ARM.Collect$$rtentry$$00000009)
    .ARM.Collect$$rtentry$$0000000A          0x080001c0   Section        4  __rtentry2.o(.ARM.Collect$$rtentry$$0000000A)
    .ARM.Collect$$rtentry$$0000000C          0x080001c4   Section        0  __rtentry2.o(.ARM.Collect$$rtentry$$0000000C)
    .ARM.Collect$$rtentry$$0000000D          0x080001c4   Section        8  __rtentry2.o(.ARM.Collect$$rtentry$$0000000D)
    .ARM.Collect$$rtexit$$00000000           0x080001cc   Section        2  rtexit.o(.ARM.Collect$$rtexit$$00000000)
    .ARM.Collect$$rtexit$$00000002           0x080001ce   Section        0  rtexit2.o(.ARM.Collect$$rtexit$$00000002)
    .ARM.Collect$$rtexit$$00000003           0x080001ce   Section        4  rtexit2.o(.ARM.Collect$$rtexit$$00000003)
    .ARM.Collect$$rtexit$$00000004           0x080001d2   Section        6  rtexit2.o(.ARM.Collect$$rtexit$$00000004)
    .text                                    0x080001d8   Section       64  startup_stm32f10x_md.o(.text)
    .text                                    0x08000218   Section        0  noretval__2sprintf.o(.text)
    .text                                    0x08000240   Section        0  __printf_wp.o(.text)
    .text                                    0x0800034e   Section        0  atoi.o(.text)
    .text                                    0x08000368   Section        0  heapauxi.o(.text)
    .text                                    0x08000370   Section        8  rt_errno_addr_intlibspace.o(.text)
    _fp_digits                               0x08000379   Thumb Code   432  _printf_fp_dec.o(.text)
    .text                                    0x08000378   Section        0  _printf_fp_dec.o(.text)
    _printf_input_char                       0x08000795   Thumb Code    10  _printf_char_common.o(.text)
    .text                                    0x08000794   Section        0  _printf_char_common.o(.text)
    .text                                    0x080007c4   Section        0  _sputc.o(.text)
    .text                                    0x080007ce   Section        0  strtol.o(.text)
    .text                                    0x08000840   Section        8  libspace.o(.text)
    .text                                    0x08000848   Section       16  rt_ctype_table.o(.text)
    .text                                    0x08000858   Section        8  rt_locale_intlibspace.o(.text)
    .text                                    0x08000860   Section      138  lludiv10.o(.text)
    .text                                    0x080008ec   Section        0  _printf_fp_infnan.o(.text)
    .text                                    0x0800096c   Section        0  _strtoul.o(.text)
    .text                                    0x08000a0c   Section        0  bigflt0.o(.text)
    .text                                    0x08000af0   Section       74  sys_stackheap_outer.o(.text)
    .text                                    0x08000b3a   Section        0  _chval.o(.text)
    .text                                    0x08000b56   Section        0  exit.o(.text)
    .text                                    0x08000b68   Section      128  strcmpv7m.o(.text)
    .text                                    0x08000be8   Section        0  sys_exit.o(.text)
    .text                                    0x08000bf4   Section        2  use_no_semi.o(.text)
    .text                                    0x08000bf6   Section        0  indicate_semi.o(.text)
    [Anonymous Symbol]                       0x08000bf8   Section        0  pid.o(.text.PID_Velocity)
    [Anonymous Symbol]                       0x08000cc8   Section        0  pwm.o(.text.PWM_init)
    [Anonymous Symbol]                       0x08000d24   Section        0  system_stm32f10x.o(.text.SystemInit)
    [Anonymous Symbol]                       0x08000e34   Section        0  main.o(.text.TIM3_IRQHandler)
    [Anonymous Symbol]                       0x08001020   Section        0  main.o(.text.USART2_IRQHandler)
    [Anonymous Symbol]                       0x08001128   Section        0  direction.o(.text.dir)
    [Anonymous Symbol]                       0x08001158   Section        0  direction.o(.text.direction_init)
    [Anonymous Symbol]                       0x08001188   Section        0  dma.o(.text.dma_channel1_4_enable)
    [Anonymous Symbol]                       0x080011a0   Section        0  dma.o(.text.dma_channel1_4_init)
    [Anonymous Symbol]                       0x080011e4   Section        0  encoder.o(.text.encoder_enable)
    [Anonymous Symbol]                       0x080011f4   Section        0  encoder.o(.text.encoder_init)
    [Anonymous Symbol]                       0x08001280   Section        0  main.o(.text.main)
    [Anonymous Symbol]                       0x080012d8   Section        0  systick_time.o(.text.systick_init)
    [Anonymous Symbol]                       0x080012f4   Section        0  timer3.o(.text.tim3_enable)
    [Anonymous Symbol]                       0x08001308   Section        0  timer3.o(.text.tim3_init)
    [Anonymous Symbol]                       0x0800134c   Section        0  usart_lib.o(.text.usart_init)
    [Anonymous Symbol]                       0x0800143c   Section        0  usart_lib.o(.text.usart_send)
    CL$$btod_d2e                             0x0800149c   Section       62  btod.o(CL$$btod_d2e)
    CL$$btod_d2e_denorm_low                  0x080014da   Section       70  btod.o(CL$$btod_d2e_denorm_low)
    CL$$btod_d2e_norm_op1                    0x08001520   Section       96  btod.o(CL$$btod_d2e_norm_op1)
    CL$$btod_div_common                      0x08001580   Section      824  btod.o(CL$$btod_div_common)
    CL$$btod_e2e                             0x080018b8   Section      220  btod.o(CL$$btod_e2e)
    CL$$btod_ediv                            0x08001994   Section       42  btod.o(CL$$btod_ediv)
    CL$$btod_emul                            0x080019be   Section       42  btod.o(CL$$btod_emul)
    CL$$btod_mult_common                     0x080019e8   Section      580  btod.o(CL$$btod_mult_common)
    i.__ARM_fpclassify                       0x08001c2c   Section        0  fpclassify.o(i.__ARM_fpclassify)
    i._is_digit                              0x08001c54   Section        0  __printf_wp.o(i._is_digit)
    locale$$code                             0x08001c64   Section       44  lc_numeric_c.o(locale$$code)
    locale$$code                             0x08001c90   Section       44  lc_ctype_c.o(locale$$code)
    x$fpl$d2f                                0x08001cbc   Section       98  d2f.o(x$fpl$d2f)
    x$fpl$dadd                               0x08001d20   Section      336  daddsub_clz.o(x$fpl$dadd)
    _dadd1                                   0x08001d31   Thumb Code     0  daddsub_clz.o(x$fpl$dadd)
    x$fpl$ddiv                               0x08001e70   Section      692  ddiv.o(x$fpl$ddiv)
    ddiv_entry                               0x08001e77   Thumb Code     0  ddiv.o(x$fpl$ddiv)
    x$fpl$dfltu                              0x08002124   Section       38  dflt_clz.o(x$fpl$dfltu)
    x$fpl$dmul                               0x0800214c   Section      340  dmul.o(x$fpl$dmul)
    x$fpl$dnaninf                            0x080022a0   Section      156  dnaninf.o(x$fpl$dnaninf)
    x$fpl$dretinf                            0x0800233c   Section       12  dretinf.o(x$fpl$dretinf)
    x$fpl$dsub                               0x08002348   Section      476  daddsub_clz.o(x$fpl$dsub)
    _dsub1                                   0x08002359   Thumb Code     0  daddsub_clz.o(x$fpl$dsub)
    x$fpl$f2d                                0x08002524   Section       86  f2d.o(x$fpl$f2d)
    x$fpl$fadd                               0x0800257c   Section      196  faddsub_clz.o(x$fpl$fadd)
    _fadd1                                   0x0800258b   Thumb Code     0  faddsub_clz.o(x$fpl$fadd)
    _fdiv1                                   0x08002641   Thumb Code     0  fdiv.o(x$fpl$fdiv)
    x$fpl$fdiv                               0x08002640   Section      388  fdiv.o(x$fpl$fdiv)
    x$fpl$ffix                               0x080027c4   Section       54  ffix.o(x$fpl$ffix)
    x$fpl$fflt                               0x080027fc   Section       48  fflt_clz.o(x$fpl$fflt)
    x$fpl$fmul                               0x0800282c   Section      258  fmul.o(x$fpl$fmul)
    x$fpl$fnaninf                            0x0800292e   Section      140  fnaninf.o(x$fpl$fnaninf)
    x$fpl$fretinf                            0x080029ba   Section       10  fretinf.o(x$fpl$fretinf)
    x$fpl$fsub                               0x080029c4   Section      234  faddsub_clz.o(x$fpl$fsub)
    _fsub1                                   0x080029d3   Thumb Code     0  faddsub_clz.o(x$fpl$fsub)
    x$fpl$printf1                            0x08002aae   Section        4  printf1.o(x$fpl$printf1)
    x$fpl$usenofp                            0x08002ab2   Section        0  usenofp.o(x$fpl$usenofp)
    tenpwrs_x                                0x08002ab4   Data          60  bigflt0.o(.constdata)
    .constdata                               0x08002ab4   Section      148  bigflt0.o(.constdata)
    tenpwrs_i                                0x08002af0   Data          64  bigflt0.o(.constdata)
    locale$$data                             0x08002b68   Section       28  lc_numeric_c.o(locale$$data)
    __lcnum_c_name                           0x08002b6c   Data           2  lc_numeric_c.o(locale$$data)
    __lcnum_c_start                          0x08002b74   Data           0  lc_numeric_c.o(locale$$data)
    __lcnum_c_point                          0x08002b80   Data           0  lc_numeric_c.o(locale$$data)
    __lcnum_c_thousands                      0x08002b82   Data           0  lc_numeric_c.o(locale$$data)
    __lcnum_c_grouping                       0x08002b83   Data           0  lc_numeric_c.o(locale$$data)
    __lcnum_c_end                            0x08002b84   Data           0  lc_numeric_c.o(locale$$data)
    locale$$data                             0x08002b84   Section      272  lc_ctype_c.o(locale$$data)
    __lcctype_c_name                         0x08002b88   Data           2  lc_ctype_c.o(locale$$data)
    __lcctype_c_start                        0x08002b90   Data           0  lc_ctype_c.o(locale$$data)
    __lcctype_c_end                          0x08002c94   Data           0  lc_ctype_c.o(locale$$data)
    .bss                                     0x20000018   Section       96  libspace.o(.bss)
    PID_Velocity.err_p                       0x20000090   Data           4  pid.o(.bss.PID_Velocity.err_p)
    [Anonymous Symbol]                       0x20000090   Section        0  pid.o(.bss.PID_Velocity.err_p)
    PID_Velocity.udf_p                       0x20000094   Data           4  pid.o(.bss.PID_Velocity.udf_p)
    [Anonymous Symbol]                       0x20000094   Section        0  pid.o(.bss.PID_Velocity.udf_p)
    PID_Velocity.ui_p                        0x20000098   Data           4  pid.o(.bss.PID_Velocity.ui_p)
    [Anonymous Symbol]                       0x20000098   Section        0  pid.o(.bss.PID_Velocity.ui_p)
    Heap_Mem                                 0x20000130   Data         512  startup_stm32f10x_md.o(HEAP)
    HEAP                                     0x20000130   Section      512  startup_stm32f10x_md.o(HEAP)
    Stack_Mem                                0x20000330   Data        1024  startup_stm32f10x_md.o(STACK)
    STACK                                    0x20000330   Section     1024  startup_stm32f10x_md.o(STACK)
    __initial_sp                             0x20000730   Data           0  startup_stm32f10x_md.o(STACK)

    Global Symbols

    Symbol Name                              Value     Ov Type        Size  Object(Section)

    BuildAttributes$$THM_ISAv4$P$D$K$B$S$PE$A:L22UL41UL21$X:L11$S22US41US21$IEEE1$IW$~IW$USESV6$~STKCKD$USESV7$~SHL$OTIME$ROPI$IEEEJ$EBA8$UX$STANDARDLIB$REQ8$PRES8$EABIv2 0x00000000   Number         0  anon$$obj.o ABSOLUTE
    __fp_init_empty                          0x00000000   Number         0  fpinit_empty.o ABSOLUTE
    _printf_flags                            0x00000000   Number         0  printf_stubs.o ABSOLUTE
    _printf_return_value                     0x00000000   Number         0  printf_stubs.o ABSOLUTE
    _printf_sizespec                         0x00000000   Number         0  printf_stubs.o ABSOLUTE
    _printf_widthprec                        0x00000000   Number         0  printf_stubs.o ABSOLUTE
    __ARM_exceptions_init                     - Undefined Weak Reference
    __alloca_initialize                       - Undefined Weak Reference
    __arm_preinit_                            - Undefined Weak Reference
    __arm_relocate_pie_                       - Undefined Weak Reference
    __cpp_initialize__aeabi_                  - Undefined Weak Reference
    __cxa_finalize                            - Undefined Weak Reference
    __sigvec_lookup                           - Undefined Weak Reference
    _atexit_init                              - Undefined Weak Reference
    _call_atexit_fns                          - Undefined Weak Reference
    _clock_init                               - Undefined Weak Reference
    _fp_trap_init                             - Undefined Weak Reference
    _fp_trap_shutdown                         - Undefined Weak Reference
    _get_lc_collate                           - Undefined Weak Reference
    _get_lc_monetary                          - Undefined Weak Reference
    _get_lc_time                              - Undefined Weak Reference
    _getenv_init                              - Undefined Weak Reference
    _handle_redirection                       - Undefined Weak Reference
    _init_alloc                               - Undefined Weak Reference
    _init_user_alloc                          - Undefined Weak Reference
    _initio                                   - Undefined Weak Reference
    _printf_post_padding                      - Undefined Weak Reference
    _printf_pre_padding                       - Undefined Weak Reference
    _rand_init                                - Undefined Weak Reference
    _signal_finish                            - Undefined Weak Reference
    _signal_init                              - Undefined Weak Reference
    _terminate_alloc                          - Undefined Weak Reference
    _terminate_user_alloc                     - Undefined Weak Reference
    _terminateio                              - Undefined Weak Reference
    __Vectors_Size                           0x000000ec   Number         0  startup_stm32f10x_md.o ABSOLUTE
    __Vectors                                0x08000000   Data           4  startup_stm32f10x_md.o(RESET)
    __Vectors_End                            0x080000ec   Data           0  startup_stm32f10x_md.o(RESET)
    __main                                   0x080000ed   Thumb Code     8  __main.o(!!!main)
    __scatterload                            0x080000f5   Thumb Code     0  __scatter.o(!!!scatter)
    __scatterload_rt2                        0x080000f5   Thumb Code    84  __scatter.o(!!!scatter)
    __scatterload_rt2_thumb_only             0x080000f5   Thumb Code     0  __scatter.o(!!!scatter)
    __scatterload_loop                       0x080000ff   Thumb Code     0  __scatter.o(!!!scatter)
    __scatterload_copy                       0x08000151   Thumb Code    26  __scatter_copy.o(!!handler_copy)
    __scatterload_null                       0x0800016d   Thumb Code     2  __scatter.o(!!handler_null)
    __scatterload_zeroinit                   0x08000171   Thumb Code    28  __scatter_zi.o(!!handler_zi)
    _printf_f                                0x0800018d   Thumb Code     0  _printf_f.o(.ARM.Collect$$_printf_percent$$00000003)
    _printf_percent                          0x0800018d   Thumb Code     0  _printf_percent.o(.ARM.Collect$$_printf_percent$$00000000)
    _printf_percent_end                      0x08000193   Thumb Code     0  _printf_percent_end.o(.ARM.Collect$$_printf_percent$$00000017)
    __rt_lib_init                            0x08000197   Thumb Code     0  libinit.o(.ARM.Collect$$libinit$$00000000)
    __rt_lib_init_fp_1                       0x08000199   Thumb Code     0  libinit2.o(.ARM.Collect$$libinit$$00000002)
    __rt_lib_init_heap_1                     0x08000199   Thumb Code     0  libinit2.o(.ARM.Collect$$libinit$$0000000C)
    __rt_lib_init_lc_common                  0x08000199   Thumb Code     0  libinit2.o(.ARM.Collect$$libinit$$00000011)
    __rt_lib_init_preinit_1                  0x08000199   Thumb Code     0  libinit2.o(.ARM.Collect$$libinit$$00000006)
    __rt_lib_init_rand_1                     0x08000199   Thumb Code     0  libinit2.o(.ARM.Collect$$libinit$$00000010)
    __rt_lib_init_relocate_pie_1             0x08000199   Thumb Code     0  libinit2.o(.ARM.Collect$$libinit$$00000004)
    __rt_lib_init_user_alloc_1               0x08000199   Thumb Code     0  libinit2.o(.ARM.Collect$$libinit$$0000000E)
    __rt_lib_init_lc_collate_1               0x0800019f   Thumb Code     0  libinit2.o(.ARM.Collect$$libinit$$00000013)
    __rt_lib_init_lc_ctype_2                 0x0800019f   Thumb Code     0  libinit2.o(.ARM.Collect$$libinit$$00000014)
    __rt_lib_init_lc_ctype_1                 0x080001ab   Thumb Code     0  libinit2.o(.ARM.Collect$$libinit$$00000015)
    __rt_lib_init_lc_monetary_1              0x080001ab   Thumb Code     0  libinit2.o(.ARM.Collect$$libinit$$00000017)
    __rt_lib_init_lc_numeric_2               0x080001ab   Thumb Code     0  libinit2.o(.ARM.Collect$$libinit$$00000018)
    __rt_lib_init_alloca_1                   0x080001b5   Thumb Code     0  libinit2.o(.ARM.Collect$$libinit$$00000030)
    __rt_lib_init_argv_1                     0x080001b5   Thumb Code     0  libinit2.o(.ARM.Collect$$libinit$$0000002E)
    __rt_lib_init_atexit_1                   0x080001b5   Thumb Code     0  libinit2.o(.ARM.Collect$$libinit$$0000001D)
    __rt_lib_init_clock_1                    0x080001b5   Thumb Code     0  libinit2.o(.ARM.Collect$$libinit$$00000023)
    __rt_lib_init_cpp_1                      0x080001b5   Thumb Code     0  libinit2.o(.ARM.Collect$$libinit$$00000034)
    __rt_lib_init_exceptions_1               0x080001b5   Thumb Code     0  libinit2.o(.ARM.Collect$$libinit$$00000032)
    __rt_lib_init_fp_trap_1                  0x080001b5   Thumb Code     0  libinit2.o(.ARM.Collect$$libinit$$00000021)
    __rt_lib_init_getenv_1                   0x080001b5   Thumb Code     0  libinit2.o(.ARM.Collect$$libinit$$00000025)
    __rt_lib_init_lc_numeric_1               0x080001b5   Thumb Code     0  libinit2.o(.ARM.Collect$$libinit$$00000019)
    __rt_lib_init_lc_time_1                  0x080001b5   Thumb Code     0  libinit2.o(.ARM.Collect$$libinit$$0000001B)
    __rt_lib_init_return                     0x080001b5   Thumb Code     0  libinit2.o(.ARM.Collect$$libinit$$00000035)
    __rt_lib_init_signal_1                   0x080001b5   Thumb Code     0  libinit2.o(.ARM.Collect$$libinit$$0000001F)
    __rt_lib_init_stdio_1                    0x080001b5   Thumb Code     0  libinit2.o(.ARM.Collect$$libinit$$00000027)
    __rt_lib_shutdown                        0x080001b7   Thumb Code     0  libshutdown.o(.ARM.Collect$$libshutdown$$00000000)
    __rt_lib_shutdown_cpp_1                  0x080001b9   Thumb Code     0  libshutdown2.o(.ARM.Collect$$libshutdown$$00000002)
    __rt_lib_shutdown_fp_trap_1              0x080001b9   Thumb Code     0  libshutdown2.o(.ARM.Collect$$libshutdown$$00000007)
    __rt_lib_shutdown_heap_1                 0x080001b9   Thumb Code     0  libshutdown2.o(.ARM.Collect$$libshutdown$$0000000F)
    __rt_lib_shutdown_return                 0x080001b9   Thumb Code     0  libshutdown2.o(.ARM.Collect$$libshutdown$$00000010)
    __rt_lib_shutdown_signal_1               0x080001b9   Thumb Code     0  libshutdown2.o(.ARM.Collect$$libshutdown$$0000000A)
    __rt_lib_shutdown_stdio_1                0x080001b9   Thumb Code     0  libshutdown2.o(.ARM.Collect$$libshutdown$$00000004)
    __rt_lib_shutdown_user_alloc_1           0x080001b9   Thumb Code     0  libshutdown2.o(.ARM.Collect$$libshutdown$$0000000C)
    __rt_entry                               0x080001bb   Thumb Code     0  __rtentry.o(.ARM.Collect$$rtentry$$00000000)
    __rt_entry_presh_1                       0x080001bb   Thumb Code     0  __rtentry2.o(.ARM.Collect$$rtentry$$00000002)
    __rt_entry_sh                            0x080001bb   Thumb Code     0  __rtentry4.o(.ARM.Collect$$rtentry$$00000004)
    __rt_entry_li                            0x080001c1   Thumb Code     0  __rtentry2.o(.ARM.Collect$$rtentry$$0000000A)
    __rt_entry_postsh_1                      0x080001c1   Thumb Code     0  __rtentry2.o(.ARM.Collect$$rtentry$$00000009)
    __rt_entry_main                          0x080001c5   Thumb Code     0  __rtentry2.o(.ARM.Collect$$rtentry$$0000000D)
    __rt_entry_postli_1                      0x080001c5   Thumb Code     0  __rtentry2.o(.ARM.Collect$$rtentry$$0000000C)
    __rt_exit                                0x080001cd   Thumb Code     0  rtexit.o(.ARM.Collect$$rtexit$$00000000)
    __rt_exit_ls                             0x080001cf   Thumb Code     0  rtexit2.o(.ARM.Collect$$rtexit$$00000003)
    __rt_exit_prels_1                        0x080001cf   Thumb Code     0  rtexit2.o(.ARM.Collect$$rtexit$$00000002)
    __rt_exit_exit                           0x080001d3   Thumb Code     0  rtexit2.o(.ARM.Collect$$rtexit$$00000004)
    Reset_Handler                            0x080001d9   Thumb Code     8  startup_stm32f10x_md.o(.text)
    NMI_Handler                              0x080001e1   Thumb Code     2  startup_stm32f10x_md.o(.text)
    HardFault_Handler                        0x080001e3   Thumb Code     2  startup_stm32f10x_md.o(.text)
    MemManage_Handler                        0x080001e5   Thumb Code     2  startup_stm32f10x_md.o(.text)
    BusFault_Handler                         0x080001e7   Thumb Code     2  startup_stm32f10x_md.o(.text)
    UsageFault_Handler                       0x080001e9   Thumb Code     2  startup_stm32f10x_md.o(.text)
    SVC_Handler                              0x080001eb   Thumb Code     2  startup_stm32f10x_md.o(.text)
    DebugMon_Handler                         0x080001ed   Thumb Code     2  startup_stm32f10x_md.o(.text)
    PendSV_Handler                           0x080001ef   Thumb Code     2  startup_stm32f10x_md.o(.text)
    SysTick_Handler                          0x080001f1   Thumb Code     2  startup_stm32f10x_md.o(.text)
    ADC1_2_IRQHandler                        0x080001f3   Thumb Code     0  startup_stm32f10x_md.o(.text)
    CAN1_RX1_IRQHandler                      0x080001f3   Thumb Code     0  startup_stm32f10x_md.o(.text)
    CAN1_SCE_IRQHandler                      0x080001f3   Thumb Code     0  startup_stm32f10x_md.o(.text)
    DMA1_Channel1_IRQHandler                 0x080001f3   Thumb Code     0  startup_stm32f10x_md.o(.text)
    DMA1_Channel2_IRQHandler                 0x080001f3   Thumb Code     0  startup_stm32f10x_md.o(.text)
    DMA1_Channel3_IRQHandler                 0x080001f3   Thumb Code     0  startup_stm32f10x_md.o(.text)
    DMA1_Channel4_IRQHandler                 0x080001f3   Thumb Code     0  startup_stm32f10x_md.o(.text)
    DMA1_Channel5_IRQHandler                 0x080001f3   Thumb Code     0  startup_stm32f10x_md.o(.text)
    DMA1_Channel6_IRQHandler                 0x080001f3   Thumb Code     0  startup_stm32f10x_md.o(.text)
    DMA1_Channel7_IRQHandler                 0x080001f3   Thumb Code     0  startup_stm32f10x_md.o(.text)
    EXTI0_IRQHandler                         0x080001f3   Thumb Code     0  startup_stm32f10x_md.o(.text)
    EXTI15_10_IRQHandler                     0x080001f3   Thumb Code     0  startup_stm32f10x_md.o(.text)
    EXTI1_IRQHandler                         0x080001f3   Thumb Code     0  startup_stm32f10x_md.o(.text)
    EXTI2_IRQHandler                         0x080001f3   Thumb Code     0  startup_stm32f10x_md.o(.text)
    EXTI3_IRQHandler                         0x080001f3   Thumb Code     0  startup_stm32f10x_md.o(.text)
    EXTI4_IRQHandler                         0x080001f3   Thumb Code     0  startup_stm32f10x_md.o(.text)
    EXTI9_5_IRQHandler                       0x080001f3   Thumb Code     0  startup_stm32f10x_md.o(.text)
    FLASH_IRQHandler                         0x080001f3   Thumb Code     0  startup_stm32f10x_md.o(.text)
    I2C1_ER_IRQHandler                       0x080001f3   Thumb Code     0  startup_stm32f10x_md.o(.text)
    I2C1_EV_IRQHandler                       0x080001f3   Thumb Code     0  startup_stm32f10x_md.o(.text)
    I2C2_ER_IRQHandler                       0x080001f3   Thumb Code     0  startup_stm32f10x_md.o(.text)
    I2C2_EV_IRQHandler                       0x080001f3   Thumb Code     0  startup_stm32f10x_md.o(.text)
    PVD_IRQHandler                           0x080001f3   Thumb Code     0  startup_stm32f10x_md.o(.text)
    RCC_IRQHandler                           0x080001f3   Thumb Code     0  startup_stm32f10x_md.o(.text)
    RTCAlarm_IRQHandler                      0x080001f3   Thumb Code     0  startup_stm32f10x_md.o(.text)
    RTC_IRQHandler                           0x080001f3   Thumb Code     0  startup_stm32f10x_md.o(.text)
    SPI1_IRQHandler                          0x080001f3   Thumb Code     0  startup_stm32f10x_md.o(.text)
    SPI2_IRQHandler                          0x080001f3   Thumb Code     0  startup_stm32f10x_md.o(.text)
    TAMPER_IRQHandler                        0x080001f3   Thumb Code     0  startup_stm32f10x_md.o(.text)
    TIM1_BRK_IRQHandler                      0x080001f3   Thumb Code     0  startup_stm32f10x_md.o(.text)
    TIM1_CC_IRQHandler                       0x080001f3   Thumb Code     0  startup_stm32f10x_md.o(.text)
    TIM1_TRG_COM_IRQHandler                  0x080001f3   Thumb Code     0  startup_stm32f10x_md.o(.text)
    TIM1_UP_IRQHandler                       0x080001f3   Thumb Code     0  startup_stm32f10x_md.o(.text)
    TIM2_IRQHandler                          0x080001f3   Thumb Code     0  startup_stm32f10x_md.o(.text)
    TIM4_IRQHandler                          0x080001f3   Thumb Code     0  startup_stm32f10x_md.o(.text)
    USART1_IRQHandler                        0x080001f3   Thumb Code     0  startup_stm32f10x_md.o(.text)
    USART3_IRQHandler                        0x080001f3   Thumb Code     0  startup_stm32f10x_md.o(.text)
    USBWakeUp_IRQHandler                     0x080001f3   Thumb Code     0  startup_stm32f10x_md.o(.text)
    USB_HP_CAN1_TX_IRQHandler                0x080001f3   Thumb Code     0  startup_stm32f10x_md.o(.text)
    USB_LP_CAN1_RX0_IRQHandler               0x080001f3   Thumb Code     0  startup_stm32f10x_md.o(.text)
    WWDG_IRQHandler                          0x080001f3   Thumb Code     0  startup_stm32f10x_md.o(.text)
    __user_initial_stackheap                 0x080001f5   Thumb Code     0  startup_stm32f10x_md.o(.text)
    __2sprintf                               0x08000219   Thumb Code    34  noretval__2sprintf.o(.text)
    __printf                                 0x08000241   Thumb Code   270  __printf_wp.o(.text)
    atoi                                     0x0800034f   Thumb Code    26  atoi.o(.text)
    __use_two_region_memory                  0x08000369   Thumb Code     2  heapauxi.o(.text)
    __rt_heap_escrow$2region                 0x0800036b   Thumb Code     2  heapauxi.o(.text)
    __rt_heap_expand$2region                 0x0800036d   Thumb Code     2  heapauxi.o(.text)
    __aeabi_errno_addr                       0x08000371   Thumb Code     8  rt_errno_addr_intlibspace.o(.text)
    __errno$intlibspace                      0x08000371   Thumb Code     0  rt_errno_addr_intlibspace.o(.text)
    __rt_errno_addr$intlibspace              0x08000371   Thumb Code     0  rt_errno_addr_intlibspace.o(.text)
    _printf_fp_dec_real                      0x08000529   Thumb Code   620  _printf_fp_dec.o(.text)
    _printf_char_common                      0x0800079f   Thumb Code    32  _printf_char_common.o(.text)
    _sputc                                   0x080007c5   Thumb Code    10  _sputc.o(.text)
    strtol                                   0x080007cf   Thumb Code   112  strtol.o(.text)
    __user_libspace                          0x08000841   Thumb Code     8  libspace.o(.text)
    __user_perproc_libspace                  0x08000841   Thumb Code     0  libspace.o(.text)
    __user_perthread_libspace                0x08000841   Thumb Code     0  libspace.o(.text)
    __rt_ctype_table                         0x08000849   Thumb Code    16  rt_ctype_table.o(.text)
    __rt_locale                              0x08000859   Thumb Code     8  rt_locale_intlibspace.o(.text)
    _ll_udiv10                               0x08000861   Thumb Code   138  lludiv10.o(.text)
    _printf_fp_infnan                        0x080008ed   Thumb Code   112  _printf_fp_infnan.o(.text)
    _strtoul                                 0x0800096d   Thumb Code   158  _strtoul.o(.text)
    _btod_etento                             0x08000a0d   Thumb Code   224  bigflt0.o(.text)
    __user_setup_stackheap                   0x08000af1   Thumb Code    74  sys_stackheap_outer.o(.text)
    _chval                                   0x08000b3b   Thumb Code    28  _chval.o(.text)
    exit                                     0x08000b57   Thumb Code    18  exit.o(.text)
    strcmp                                   0x08000b69   Thumb Code   128  strcmpv7m.o(.text)
    _sys_exit                                0x08000be9   Thumb Code     8  sys_exit.o(.text)
    __I$use$semihosting                      0x08000bf5   Thumb Code     0  use_no_semi.o(.text)
    __use_no_semihosting_swi                 0x08000bf5   Thumb Code     2  use_no_semi.o(.text)
    __semihosting_library_function           0x08000bf7   Thumb Code     0  indicate_semi.o(.text)
    PID_Velocity                             0x08000bf9   Thumb Code   206  pid.o(.text.PID_Velocity)
    PWM_init                                 0x08000cc9   Thumb Code    90  pwm.o(.text.PWM_init)
    SystemInit                               0x08000d25   Thumb Code   272  system_stm32f10x.o(.text.SystemInit)
    TIM3_IRQHandler                          0x08000e35   Thumb Code   468  main.o(.text.TIM3_IRQHandler)
    USART2_IRQHandler                        0x08001021   Thumb Code   262  main.o(.text.USART2_IRQHandler)
    dir                                      0x08001129   Thumb Code    46  direction.o(.text.dir)
    direction_init                           0x08001159   Thumb Code    46  direction.o(.text.direction_init)
    dma_channel1_4_enable                    0x08001189   Thumb Code    24  dma.o(.text.dma_channel1_4_enable)
    dma_channel1_4_init                      0x080011a1   Thumb Code    66  dma.o(.text.dma_channel1_4_init)
    encoder_enable                           0x080011e5   Thumb Code    14  encoder.o(.text.encoder_enable)
    encoder_init                             0x080011f5   Thumb Code   138  encoder.o(.text.encoder_init)
    main                                     0x08001281   Thumb Code    86  main.o(.text.main)
    systick_init                             0x080012d9   Thumb Code    26  systick_time.o(.text.systick_init)
    tim3_enable                              0x080012f5   Thumb Code    18  timer3.o(.text.tim3_enable)
    tim3_init                                0x08001309   Thumb Code    68  timer3.o(.text.tim3_init)
    usart_init                               0x0800134d   Thumb Code   238  usart_lib.o(.text.usart_init)
    usart_send                               0x0800143d   Thumb Code    96  usart_lib.o(.text.usart_send)
    _btod_d2e                                0x0800149d   Thumb Code    62  btod.o(CL$$btod_d2e)
    _d2e_denorm_low                          0x080014db   Thumb Code    70  btod.o(CL$$btod_d2e_denorm_low)
    _d2e_norm_op1                            0x08001521   Thumb Code    96  btod.o(CL$$btod_d2e_norm_op1)
    __btod_div_common                        0x08001581   Thumb Code   696  btod.o(CL$$btod_div_common)
    _e2e                                     0x080018b9   Thumb Code   220  btod.o(CL$$btod_e2e)
    _btod_ediv                               0x08001995   Thumb Code    42  btod.o(CL$$btod_ediv)
    _btod_emul                               0x080019bf   Thumb Code    42  btod.o(CL$$btod_emul)
    __btod_mult_common                       0x080019e9   Thumb Code   580  btod.o(CL$$btod_mult_common)
    __ARM_fpclassify                         0x08001c2d   Thumb Code    40  fpclassify.o(i.__ARM_fpclassify)
    _is_digit                                0x08001c55   Thumb Code    14  __printf_wp.o(i._is_digit)
    _get_lc_numeric                          0x08001c65   Thumb Code    44  lc_numeric_c.o(locale$$code)
    _get_lc_ctype                            0x08001c91   Thumb Code    44  lc_ctype_c.o(locale$$code)
    __aeabi_d2f                              0x08001cbd   Thumb Code     0  d2f.o(x$fpl$d2f)
    _d2f                                     0x08001cbd   Thumb Code    98  d2f.o(x$fpl$d2f)
    __aeabi_dadd                             0x08001d21   Thumb Code     0  daddsub_clz.o(x$fpl$dadd)
    _dadd                                    0x08001d21   Thumb Code   332  daddsub_clz.o(x$fpl$dadd)
    __aeabi_ddiv                             0x08001e71   Thumb Code     0  ddiv.o(x$fpl$ddiv)
    _ddiv                                    0x08001e71   Thumb Code   556  ddiv.o(x$fpl$ddiv)
    __aeabi_ui2d                             0x08002125   Thumb Code     0  dflt_clz.o(x$fpl$dfltu)
    _dfltu                                   0x08002125   Thumb Code    38  dflt_clz.o(x$fpl$dfltu)
    __aeabi_dmul                             0x0800214d   Thumb Code     0  dmul.o(x$fpl$dmul)
    _dmul                                    0x0800214d   Thumb Code   332  dmul.o(x$fpl$dmul)
    __fpl_dnaninf                            0x080022a1   Thumb Code   156  dnaninf.o(x$fpl$dnaninf)
    __fpl_dretinf                            0x0800233d   Thumb Code    12  dretinf.o(x$fpl$dretinf)
    __aeabi_dsub                             0x08002349   Thumb Code     0  daddsub_clz.o(x$fpl$dsub)
    _dsub                                    0x08002349   Thumb Code   472  daddsub_clz.o(x$fpl$dsub)
    __aeabi_f2d                              0x08002525   Thumb Code     0  f2d.o(x$fpl$f2d)
    _f2d                                     0x08002525   Thumb Code    86  f2d.o(x$fpl$f2d)
    __aeabi_fadd                             0x0800257d   Thumb Code     0  faddsub_clz.o(x$fpl$fadd)
    _fadd                                    0x0800257d   Thumb Code   196  faddsub_clz.o(x$fpl$fadd)
    __aeabi_fdiv                             0x08002641   Thumb Code     0  fdiv.o(x$fpl$fdiv)
    _fdiv                                    0x08002641   Thumb Code   384  fdiv.o(x$fpl$fdiv)
    __aeabi_f2iz                             0x080027c5   Thumb Code     0  ffix.o(x$fpl$ffix)
    _ffix                                    0x080027c5   Thumb Code    54  ffix.o(x$fpl$ffix)
    __aeabi_i2f                              0x080027fd   Thumb Code     0  fflt_clz.o(x$fpl$fflt)
    _fflt                                    0x080027fd   Thumb Code    48  fflt_clz.o(x$fpl$fflt)
    __aeabi_fmul                             0x0800282d   Thumb Code     0  fmul.o(x$fpl$fmul)
    _fmul                                    0x0800282d   Thumb Code   258  fmul.o(x$fpl$fmul)
    __fpl_fnaninf                            0x0800292f   Thumb Code   140  fnaninf.o(x$fpl$fnaninf)
    __fpl_fretinf                            0x080029bb   Thumb Code    10  fretinf.o(x$fpl$fretinf)
    __aeabi_fsub                             0x080029c5   Thumb Code     0  faddsub_clz.o(x$fpl$fsub)
    _fsub                                    0x080029c5   Thumb Code   234  faddsub_clz.o(x$fpl$fsub)
    _printf_fp_dec                           0x08002aaf   Thumb Code     4  printf1.o(x$fpl$printf1)
    __I$use$fp                               0x08002ab2   Number         0  usenofp.o(x$fpl$usenofp)
    Region$$Table$$Base                      0x08002b48   Number         0  anon$$obj.o(Region$$Table)
    Region$$Table$$Limit                     0x08002b68   Number         0  anon$$obj.o(Region$$Table)
    __ctype                                  0x08002b91   Data           0  lc_ctype_c.o(locale$$data)
    Kd                                       0x20000000   Data           4  main.o(.data.Kd)
    Ki                                       0x20000004   Data           4  main.o(.data.Ki)
    Kp                                       0x20000008   Data           4  main.o(.data.Kp)
    Ts                                       0x2000000c   Data           4  main.o(.data.Ts)
    alpha                                    0x20000010   Data           4  main.o(.data.alpha)
    __libspace_start                         0x20000018   Data          96  libspace.o(.bss)
    CurPos                                   0x20000078   Data           4  main.o(.bss.CurPos)
    __temporary_stack_top$libspace           0x20000078   Data           0  libspace.o(.bss)
    CurPulses                                0x2000007c   Data           2  main.o(.bss.CurPulses)
    CurVel                                   0x20000080   Data           4  main.o(.bss.CurVel)
    DesiredPos                               0x20000084   Data           4  main.o(.bss.DesiredPos)
    DesiredSpeed                             0x20000088   Data           4  main.o(.bss.DesiredSpeed)
    OldPulses                                0x2000008c   Data           2  main.o(.bss.OldPulses)
    Rx_Buffer                                0x2000009c   Data          20  main.o(.bss.Rx_Buffer)
    Rx_data                                  0x200000b0   Data           2  main.o(.bss.Rx_data)
    Rx_indx                                  0x200000b2   Data           1  main.o(.bss.Rx_indx)
    delta                                    0x200000b4   Data           4  main.o(.bss.delta)
    index                                    0x200000b8   Data           1  main.o(.bss.index)
    pos                                      0x200000b9   Data          30  main.o(.bss.pos)
    pwm                                      0x200000d8   Data           4  main.o(.bss.pwm)
    run                                      0x200000dc   Data           4  main.o(.bss.run)
    sum                                      0x200000e0   Data           4  main.o(.bss.sum)
    tmp                                      0x200000e4   Data           4  main.o(.bss.tmp)
    vel                                      0x200000e8   Data          30  main.o(.bss.vel)
    velocities                               0x20000108   Data          40  main.o(.bss.velocities)



==============================================================================

Memory Map of the image

  Image Entry point : 0x080000ed

  Load Region LR_IROM1 (Base: 0x08000000, Size: 0x00002cb0, Max: 0x00010000, ABSOLUTE)

    Execution Region ER_IROM1 (Exec base: 0x08000000, Load base: 0x08000000, Size: 0x00002c94, Max: 0x00010000, ABSOLUTE)

    Exec Addr    Load Addr    Size         Type   Attr      Idx    E Section Name        Object

    0x08000000   0x08000000   0x000000ec   Data   RO          149    RESET               startup_stm32f10x_md.o
    0x080000ec   0x080000ec   0x00000008   Code   RO          204  * !!!main             c_w.l(__main.o)
    0x080000f4   0x080000f4   0x0000005c   Code   RO          518    !!!scatter          c_w.l(__scatter.o)
    0x08000150   0x08000150   0x0000001a   Code   RO          522    !!handler_copy      c_w.l(__scatter_copy.o)
    0x0800016a   0x0800016a   0x00000002   PAD
    0x0800016c   0x0800016c   0x00000002   Code   RO          519    !!handler_null      c_w.l(__scatter.o)
    0x0800016e   0x0800016e   0x00000002   PAD
    0x08000170   0x08000170   0x0000001c   Code   RO          524    !!handler_zi        c_w.l(__scatter_zi.o)
    0x0800018c   0x0800018c   0x00000000   Code   RO          199    .ARM.Collect$$_printf_percent$$00000000  c_w.l(_printf_percent.o)
    0x0800018c   0x0800018c   0x00000006   Code   RO          198    .ARM.Collect$$_printf_percent$$00000003  c_w.l(_printf_f.o)
    0x08000192   0x08000192   0x00000004   Code   RO          274    .ARM.Collect$$_printf_percent$$00000017  c_w.l(_printf_percent_end.o)
    0x08000196   0x08000196   0x00000002   Code   RO          381    .ARM.Collect$$libinit$$00000000  c_w.l(libinit.o)
    0x08000198   0x08000198   0x00000000   Code   RO          383    .ARM.Collect$$libinit$$00000002  c_w.l(libinit2.o)
    0x08000198   0x08000198   0x00000000   Code   RO          385    .ARM.Collect$$libinit$$00000004  c_w.l(libinit2.o)
    0x08000198   0x08000198   0x00000000   Code   RO          387    .ARM.Collect$$libinit$$00000006  c_w.l(libinit2.o)
    0x08000198   0x08000198   0x00000000   Code   RO          390    .ARM.Collect$$libinit$$0000000C  c_w.l(libinit2.o)
    0x08000198   0x08000198   0x00000000   Code   RO          392    .ARM.Collect$$libinit$$0000000E  c_w.l(libinit2.o)
    0x08000198   0x08000198   0x00000000   Code   RO          394    .ARM.Collect$$libinit$$00000010  c_w.l(libinit2.o)
    0x08000198   0x08000198   0x00000006   Code   RO          395    .ARM.Collect$$libinit$$00000011  c_w.l(libinit2.o)
    0x0800019e   0x0800019e   0x00000000   Code   RO          397    .ARM.Collect$$libinit$$00000013  c_w.l(libinit2.o)
    0x0800019e   0x0800019e   0x0000000c   Code   RO          398    .ARM.Collect$$libinit$$00000014  c_w.l(libinit2.o)
    0x080001aa   0x080001aa   0x00000000   Code   RO          399    .ARM.Collect$$libinit$$00000015  c_w.l(libinit2.o)
    0x080001aa   0x080001aa   0x00000000   Code   RO          401    .ARM.Collect$$libinit$$00000017  c_w.l(libinit2.o)
    0x080001aa   0x080001aa   0x0000000a   Code   RO          402    .ARM.Collect$$libinit$$00000018  c_w.l(libinit2.o)
    0x080001b4   0x080001b4   0x00000000   Code   RO          403    .ARM.Collect$$libinit$$00000019  c_w.l(libinit2.o)
    0x080001b4   0x080001b4   0x00000000   Code   RO          405    .ARM.Collect$$libinit$$0000001B  c_w.l(libinit2.o)
    0x080001b4   0x080001b4   0x00000000   Code   RO          407    .ARM.Collect$$libinit$$0000001D  c_w.l(libinit2.o)
    0x080001b4   0x080001b4   0x00000000   Code   RO          409    .ARM.Collect$$libinit$$0000001F  c_w.l(libinit2.o)
    0x080001b4   0x080001b4   0x00000000   Code   RO          411    .ARM.Collect$$libinit$$00000021  c_w.l(libinit2.o)
    0x080001b4   0x080001b4   0x00000000   Code   RO          413    .ARM.Collect$$libinit$$00000023  c_w.l(libinit2.o)
    0x080001b4   0x080001b4   0x00000000   Code   RO          415    .ARM.Collect$$libinit$$00000025  c_w.l(libinit2.o)
    0x080001b4   0x080001b4   0x00000000   Code   RO          417    .ARM.Collect$$libinit$$00000027  c_w.l(libinit2.o)
    0x080001b4   0x080001b4   0x00000000   Code   RO          421    .ARM.Collect$$libinit$$0000002E  c_w.l(libinit2.o)
    0x080001b4   0x080001b4   0x00000000   Code   RO          423    .ARM.Collect$$libinit$$00000030  c_w.l(libinit2.o)
    0x080001b4   0x080001b4   0x00000000   Code   RO          425    .ARM.Collect$$libinit$$00000032  c_w.l(libinit2.o)
    0x080001b4   0x080001b4   0x00000000   Code   RO          427    .ARM.Collect$$libinit$$00000034  c_w.l(libinit2.o)
    0x080001b4   0x080001b4   0x00000002   Code   RO          428    .ARM.Collect$$libinit$$00000035  c_w.l(libinit2.o)
    0x080001b6   0x080001b6   0x00000002   Code   RO          464    .ARM.Collect$$libshutdown$$00000000  c_w.l(libshutdown.o)
    0x080001b8   0x080001b8   0x00000000   Code   RO          475    .ARM.Collect$$libshutdown$$00000002  c_w.l(libshutdown2.o)
    0x080001b8   0x080001b8   0x00000000   Code   RO          477    .ARM.Collect$$libshutdown$$00000004  c_w.l(libshutdown2.o)
    0x080001b8   0x080001b8   0x00000000   Code   RO          480    .ARM.Collect$$libshutdown$$00000007  c_w.l(libshutdown2.o)
    0x080001b8   0x080001b8   0x00000000   Code   RO          483    .ARM.Collect$$libshutdown$$0000000A  c_w.l(libshutdown2.o)
    0x080001b8   0x080001b8   0x00000000   Code   RO          485    .ARM.Collect$$libshutdown$$0000000C  c_w.l(libshutdown2.o)
    0x080001b8   0x080001b8   0x00000000   Code   RO          488    .ARM.Collect$$libshutdown$$0000000F  c_w.l(libshutdown2.o)
    0x080001b8   0x080001b8   0x00000002   Code   RO          489    .ARM.Collect$$libshutdown$$00000010  c_w.l(libshutdown2.o)
    0x080001ba   0x080001ba   0x00000000   Code   RO          258    .ARM.Collect$$rtentry$$00000000  c_w.l(__rtentry.o)
    0x080001ba   0x080001ba   0x00000000   Code   RO          298    .ARM.Collect$$rtentry$$00000002  c_w.l(__rtentry2.o)
    0x080001ba   0x080001ba   0x00000006   Code   RO          310    .ARM.Collect$$rtentry$$00000004  c_w.l(__rtentry4.o)
    0x080001c0   0x080001c0   0x00000000   Code   RO          300    .ARM.Collect$$rtentry$$00000009  c_w.l(__rtentry2.o)
    0x080001c0   0x080001c0   0x00000004   Code   RO          301    .ARM.Collect$$rtentry$$0000000A  c_w.l(__rtentry2.o)
    0x080001c4   0x080001c4   0x00000000   Code   RO          303    .ARM.Collect$$rtentry$$0000000C  c_w.l(__rtentry2.o)
    0x080001c4   0x080001c4   0x00000008   Code   RO          304    .ARM.Collect$$rtentry$$0000000D  c_w.l(__rtentry2.o)
    0x080001cc   0x080001cc   0x00000002   Code   RO          429    .ARM.Collect$$rtexit$$00000000  c_w.l(rtexit.o)
    0x080001ce   0x080001ce   0x00000000   Code   RO          438    .ARM.Collect$$rtexit$$00000002  c_w.l(rtexit2.o)
    0x080001ce   0x080001ce   0x00000004   Code   RO          439    .ARM.Collect$$rtexit$$00000003  c_w.l(rtexit2.o)
    0x080001d2   0x080001d2   0x00000006   Code   RO          440    .ARM.Collect$$rtexit$$00000004  c_w.l(rtexit2.o)
    0x080001d8   0x080001d8   0x00000040   Code   RO          150    .text               startup_stm32f10x_md.o
    0x08000218   0x08000218   0x00000028   Code   RO          174    .text               c_w.l(noretval__2sprintf.o)
    0x08000240   0x08000240   0x0000010e   Code   RO          186    .text               c_w.l(__printf_wp.o)
    0x0800034e   0x0800034e   0x0000001a   Code   RO          200    .text               c_w.l(atoi.o)
    0x08000368   0x08000368   0x00000006   Code   RO          202    .text               c_w.l(heapauxi.o)
    0x0800036e   0x0800036e   0x00000002   PAD
    0x08000370   0x08000370   0x00000008   Code   RO          262    .text               c_w.l(rt_errno_addr_intlibspace.o)
    0x08000378   0x08000378   0x0000041c   Code   RO          266    .text               c_w.l(_printf_fp_dec.o)
    0x08000794   0x08000794   0x00000030   Code   RO          270    .text               c_w.l(_printf_char_common.o)
    0x080007c4   0x080007c4   0x0000000a   Code   RO          272    .text               c_w.l(_sputc.o)
    0x080007ce   0x080007ce   0x00000070   Code   RO          275    .text               c_w.l(strtol.o)
    0x0800083e   0x0800083e   0x00000002   PAD
    0x08000840   0x08000840   0x00000008   Code   RO          294    .text               c_w.l(libspace.o)
    0x08000848   0x08000848   0x00000010   Code   RO          312    .text               c_w.l(rt_ctype_table.o)
    0x08000858   0x08000858   0x00000008   Code   RO          317    .text               c_w.l(rt_locale_intlibspace.o)
    0x08000860   0x08000860   0x0000008a   Code   RO          319    .text               c_w.l(lludiv10.o)
    0x080008ea   0x080008ea   0x00000002   PAD
    0x080008ec   0x080008ec   0x00000080   Code   RO          321    .text               c_w.l(_printf_fp_infnan.o)
    0x0800096c   0x0800096c   0x0000009e   Code   RO          325    .text               c_w.l(_strtoul.o)
    0x08000a0a   0x08000a0a   0x00000002   PAD
    0x08000a0c   0x08000a0c   0x000000e4   Code   RO          327    .text               c_w.l(bigflt0.o)
    0x08000af0   0x08000af0   0x0000004a   Code   RO          363    .text               c_w.l(sys_stackheap_outer.o)
    0x08000b3a   0x08000b3a   0x0000001c   Code   RO          365    .text               c_w.l(_chval.o)
    0x08000b56   0x08000b56   0x00000012   Code   RO          372    .text               c_w.l(exit.o)
    0x08000b68   0x08000b68   0x00000080   Code   RO          374    .text               c_w.l(strcmpv7m.o)
    0x08000be8   0x08000be8   0x0000000c   Code   RO          450    .text               c_w.l(sys_exit.o)
    0x08000bf4   0x08000bf4   0x00000002   Code   RO          465    .text               c_w.l(use_no_semi.o)
    0x08000bf6   0x08000bf6   0x00000000   Code   RO          467    .text               c_w.l(indicate_semi.o)
    0x08000bf6   0x08000bf6   0x00000002   PAD
    0x08000bf8   0x08000bf8   0x000000ce   Code   RO           78    .text.PID_Velocity  pid.o
    0x08000cc6   0x08000cc6   0x00000002   PAD
    0x08000cc8   0x08000cc8   0x0000005a   Code   RO           95    .text.PWM_init      pwm.o
    0x08000d22   0x08000d22   0x00000002   PAD
    0x08000d24   0x08000d24   0x00000110   Code   RO          157    .text.SystemInit    system_stm32f10x.o
    0x08000e34   0x08000e34   0x000001ec   Code   RO            4    .text.TIM3_IRQHandler  main.o
    0x08001020   0x08001020   0x00000106   Code   RO            6    .text.USART2_IRQHandler  main.o
    0x08001126   0x08001126   0x00000002   PAD
    0x08001128   0x08001128   0x0000002e   Code   RO           45    .text.dir           direction.o
    0x08001156   0x08001156   0x00000002   PAD
    0x08001158   0x08001158   0x0000002e   Code   RO           43    .text.direction_init  direction.o
    0x08001186   0x08001186   0x00000002   PAD
    0x08001188   0x08001188   0x00000018   Code   RO           57    .text.dma_channel1_4_enable  dma.o
    0x080011a0   0x080011a0   0x00000042   Code   RO           55    .text.dma_channel1_4_init  dma.o
    0x080011e2   0x080011e2   0x00000002   PAD
    0x080011e4   0x080011e4   0x0000000e   Code   RO           69    .text.encoder_enable  encoder.o
    0x080011f2   0x080011f2   0x00000002   PAD
    0x080011f4   0x080011f4   0x0000008a   Code   RO           67    .text.encoder_init  encoder.o
    0x0800127e   0x0800127e   0x00000002   PAD
    0x08001280   0x08001280   0x00000056   Code   RO            2    .text.main          main.o
    0x080012d6   0x080012d6   0x00000002   PAD
    0x080012d8   0x080012d8   0x0000001a   Code   RO          130    .text.systick_init  systick_time.o
    0x080012f2   0x080012f2   0x00000002   PAD
    0x080012f4   0x080012f4   0x00000012   Code   RO          105    .text.tim3_enable   timer3.o
    0x08001306   0x08001306   0x00000002   PAD
    0x08001308   0x08001308   0x00000044   Code   RO          103    .text.tim3_init     timer3.o
    0x0800134c   0x0800134c   0x000000ee   Code   RO          114    .text.usart_init    usart_lib.o
    0x0800143a   0x0800143a   0x00000002   PAD
    0x0800143c   0x0800143c   0x00000060   Code   RO          120    .text.usart_send    usart_lib.o
    0x0800149c   0x0800149c   0x0000003e   Code   RO          330    CL$$btod_d2e        c_w.l(btod.o)
    0x080014da   0x080014da   0x00000046   Code   RO          332    CL$$btod_d2e_denorm_low  c_w.l(btod.o)
    0x08001520   0x08001520   0x00000060   Code   RO          331    CL$$btod_d2e_norm_op1  c_w.l(btod.o)
    0x08001580   0x08001580   0x00000338   Code   RO          340    CL$$btod_div_common  c_w.l(btod.o)
    0x080018b8   0x080018b8   0x000000dc   Code   RO          337    CL$$btod_e2e        c_w.l(btod.o)
    0x08001994   0x08001994   0x0000002a   Code   RO          334    CL$$btod_ediv       c_w.l(btod.o)
    0x080019be   0x080019be   0x0000002a   Code   RO          333    CL$$btod_emul       c_w.l(btod.o)
    0x080019e8   0x080019e8   0x00000244   Code   RO          339    CL$$btod_mult_common  c_w.l(btod.o)
    0x08001c2c   0x08001c2c   0x00000028   Code   RO          361    i.__ARM_fpclassify  m_ws.l(fpclassify.o)
    0x08001c54   0x08001c54   0x0000000e   Code   RO          188    i._is_digit         c_w.l(__printf_wp.o)
    0x08001c62   0x08001c62   0x00000002   PAD
    0x08001c64   0x08001c64   0x0000002c   Code   RO          355    locale$$code        c_w.l(lc_numeric_c.o)
    0x08001c90   0x08001c90   0x0000002c   Code   RO          370    locale$$code        c_w.l(lc_ctype_c.o)
    0x08001cbc   0x08001cbc   0x00000062   Code   RO          206    x$fpl$d2f           fz_ws.l(d2f.o)
    0x08001d1e   0x08001d1e   0x00000002   PAD
    0x08001d20   0x08001d20   0x00000150   Code   RO          208    x$fpl$dadd          fz_ws.l(daddsub_clz.o)
    0x08001e70   0x08001e70   0x000002b4   Code   RO          215    x$fpl$ddiv          fz_ws.l(ddiv.o)
    0x08002124   0x08002124   0x00000026   Code   RO          218    x$fpl$dfltu         fz_ws.l(dflt_clz.o)
    0x0800214a   0x0800214a   0x00000002   PAD
    0x0800214c   0x0800214c   0x00000154   Code   RO          224    x$fpl$dmul          fz_ws.l(dmul.o)
    0x080022a0   0x080022a0   0x0000009c   Code   RO          277    x$fpl$dnaninf       fz_ws.l(dnaninf.o)
    0x0800233c   0x0800233c   0x0000000c   Code   RO          279    x$fpl$dretinf       fz_ws.l(dretinf.o)
    0x08002348   0x08002348   0x000001dc   Code   RO          210    x$fpl$dsub          fz_ws.l(daddsub_clz.o)
    0x08002524   0x08002524   0x00000056   Code   RO          226    x$fpl$f2d           fz_ws.l(f2d.o)
    0x0800257a   0x0800257a   0x00000002   PAD
    0x0800257c   0x0800257c   0x000000c4   Code   RO          228    x$fpl$fadd          fz_ws.l(faddsub_clz.o)
    0x08002640   0x08002640   0x00000184   Code   RO          237    x$fpl$fdiv          fz_ws.l(fdiv.o)
    0x080027c4   0x080027c4   0x00000036   Code   RO          240    x$fpl$ffix          fz_ws.l(ffix.o)
    0x080027fa   0x080027fa   0x00000002   PAD
    0x080027fc   0x080027fc   0x00000030   Code   RO          245    x$fpl$fflt          fz_ws.l(fflt_clz.o)
    0x0800282c   0x0800282c   0x00000102   Code   RO          250    x$fpl$fmul          fz_ws.l(fmul.o)
    0x0800292e   0x0800292e   0x0000008c   Code   RO          287    x$fpl$fnaninf       fz_ws.l(fnaninf.o)
    0x080029ba   0x080029ba   0x0000000a   Code   RO          289    x$fpl$fretinf       fz_ws.l(fretinf.o)
    0x080029c4   0x080029c4   0x000000ea   Code   RO          230    x$fpl$fsub          fz_ws.l(faddsub_clz.o)
    0x08002aae   0x08002aae   0x00000004   Code   RO          252    x$fpl$printf1       fz_ws.l(printf1.o)
    0x08002ab2   0x08002ab2   0x00000000   Code   RO          293    x$fpl$usenofp       fz_ws.l(usenofp.o)
    0x08002ab2   0x08002ab2   0x00000002   PAD
    0x08002ab4   0x08002ab4   0x00000094   Data   RO          328    .constdata          c_w.l(bigflt0.o)
    0x08002b48   0x08002b48   0x00000020   Data   RO          517    Region$$Table       anon$$obj.o
    0x08002b68   0x08002b68   0x0000001c   Data   RO          354    locale$$data        c_w.l(lc_numeric_c.o)
    0x08002b84   0x08002b84   0x00000110   Data   RO          369    locale$$data        c_w.l(lc_ctype_c.o)


    Execution Region RW_IRAM1 (Exec base: 0x20000000, Load base: 0x08002c98, Size: 0x00000730, Max: 0x00005000, ABSOLUTE)

    Exec Addr    Load Addr    Size         Type   Attr      Idx    E Section Name        Object

    0x20000000   0x08002c98   0x00000004   Data   RW           20    .data.Kd            main.o
    0x20000004   0x08002c9c   0x00000004   Data   RW           19    .data.Ki            main.o
    0x20000008   0x08002ca0   0x00000004   Data   RW           18    .data.Kp            main.o
    0x2000000c   0x08002ca4   0x00000004   Data   RW           21    .data.Ts            main.o
    0x20000010   0x08002ca8   0x00000004   Data   RW           22    .data.alpha         main.o
    0x20000014   0x08002cac   0x00000004   PAD
    0x20000018        -       0x00000060   Zero   RW          295    .bss                c_w.l(libspace.o)
    0x20000078        -       0x00000004   Zero   RW           11    .bss.CurPos         main.o
    0x2000007c        -       0x00000002   Zero   RW           14    .bss.CurPulses      main.o
    0x2000007e   0x08002cac   0x00000002   PAD
    0x20000080        -       0x00000004   Zero   RW           12    .bss.CurVel         main.o
    0x20000084        -       0x00000004   Zero   RW           33    .bss.DesiredPos     main.o
    0x20000088        -       0x00000004   Zero   RW           27    .bss.DesiredSpeed   main.o
    0x2000008c        -       0x00000002   Zero   RW           15    .bss.OldPulses      main.o
    0x2000008e   0x08002cac   0x00000002   PAD
    0x20000090        -       0x00000004   Zero   RW           82    .bss.PID_Velocity.err_p  pid.o
    0x20000094        -       0x00000004   Zero   RW           84    .bss.PID_Velocity.udf_p  pid.o
    0x20000098        -       0x00000004   Zero   RW           83    .bss.PID_Velocity.ui_p  pid.o
    0x2000009c        -       0x00000014   Zero   RW           32    .bss.Rx_Buffer      main.o
    0x200000b0        -       0x00000002   Zero   RW           30    .bss.Rx_data        main.o
    0x200000b2        -       0x00000001   Zero   RW           31    .bss.Rx_indx        main.o
    0x200000b3   0x08002cac   0x00000001   PAD
    0x200000b4        -       0x00000004   Zero   RW           13    .bss.delta          main.o
    0x200000b8        -       0x00000001   Zero   RW           25    .bss.index          main.o
    0x200000b9        -       0x0000001e   Zero   RW           28    .bss.pos            main.o
    0x200000d7   0x08002cac   0x00000001   PAD
    0x200000d8        -       0x00000004   Zero   RW           16    .bss.pwm            main.o
    0x200000dc        -       0x00000004   Zero   RW            8    .bss.run            main.o
    0x200000e0        -       0x00000004   Zero   RW           26    .bss.sum            main.o
    0x200000e4        -       0x00000004   Zero   RW           17    .bss.tmp            main.o
    0x200000e8        -       0x0000001e   Zero   RW           29    .bss.vel            main.o
    0x20000106   0x08002cac   0x00000002   PAD
    0x20000108        -       0x00000028   Zero   RW           24    .bss.velocities     main.o
    0x20000130        -       0x00000200   Zero   RW          148    HEAP                startup_stm32f10x_md.o
    0x20000330        -       0x00000400   Zero   RW          147    STACK               startup_stm32f10x_md.o


==============================================================================

Image component sizes


      Code (inc. data)   RO Data    RW Data    ZI Data      Debug   Object Name

        92          0          0          0          0       1190   direction.o
        90          0          0          0          0       2065   dma.o
       152          0          0          0          0       1997   encoder.o
       840         98          0         20        164       3711   main.o
       206          0          0          0         12       2285   pid.o
        90          0          0          0          0       1885   pwm.o
        64         26        236          0       1536        820   startup_stm32f10x_md.o
       272          0          0          0          0       2834   system_stm32f10x.o
        26          0          0          0          0       1777   systick_time.o
        86          0          0          0          0       2347   timer3.o
       334          0          0          0          0       3106   usart_lib.o

    ----------------------------------------------------------------------
      2276        124        268         20       1724      24017   Object Totals
         0          0         32          0          0          0   (incl. Generated)
        24          0          0          0         12          0   (incl. Padding)

    ----------------------------------------------------------------------

      Code (inc. data)   RO Data    RW Data    ZI Data      Debug   Library Member Name

         8          0          0          0          0         68   __main.o
       284          0          0          0          0        156   __printf_wp.o
         0          0          0          0          0          0   __rtentry.o
        12          0          0          0          0          0   __rtentry2.o
         6          0          0          0          0          0   __rtentry4.o
        94          8          0          0          0          0   __scatter.o
        26          0          0          0          0          0   __scatter_copy.o
        28          0          0          0          0          0   __scatter_zi.o
        28          0          0          0          0         68   _chval.o
        48          6          0          0          0         96   _printf_char_common.o
         6          0          0          0          0          0   _printf_f.o
      1052          0          0          0          0        148   _printf_fp_dec.o
       128         16          0          0          0         84   _printf_fp_infnan.o
         0          0          0          0          0          0   _printf_percent.o
         4          0          0          0          0          0   _printf_percent_end.o
        10          0          0          0          0         68   _sputc.o
       158          0          0          0          0         92   _strtoul.o
        26          0          0          0          0         80   atoi.o
       228          4        148          0          0         96   bigflt0.o
      1936        128          0          0          0        668   btod.o
        18          0          0          0          0         80   exit.o
         6          0          0          0          0        152   heapauxi.o
         0          0          0          0          0          0   indicate_semi.o
        44         10        272          0          0         76   lc_ctype_c.o
        44         10         28          0          0         76   lc_numeric_c.o
         2          0          0          0          0          0   libinit.o
        30          0          0          0          0          0   libinit2.o
         2          0          0          0          0          0   libshutdown.o
         2          0          0          0          0          0   libshutdown2.o
         8          4          0          0         96         68   libspace.o
       138          0          0          0          0         80   lludiv10.o
        40          6          0          0          0         84   noretval__2sprintf.o
        16          4          0          0          0         76   rt_ctype_table.o
         8          4          0          0          0         68   rt_errno_addr_intlibspace.o
         8          4          0          0          0         68   rt_locale_intlibspace.o
         2          0          0          0          0          0   rtexit.o
        10          0          0          0          0          0   rtexit2.o
       128          0          0          0          0         68   strcmpv7m.o
       112          0          0          0          0         88   strtol.o
        12          4          0          0          0         68   sys_exit.o
        74          0          0          0          0         80   sys_stackheap_outer.o
         2          0          0          0          0         68   use_no_semi.o
        98          4          0          0          0         92   d2f.o
       812         16          0          0          0        296   daddsub_clz.o
       692        140          0          0          0        216   ddiv.o
        38          0          0          0          0         68   dflt_clz.o
       340         12          0          0          0        104   dmul.o
       156          4          0          0          0         92   dnaninf.o
        12          0          0          0          0         68   dretinf.o
        86          4          0          0          0         84   f2d.o
       430          8          0          0          0        168   faddsub_clz.o
       388         76          0          0          0         96   fdiv.o
        54          4          0          0          0         84   ffix.o
        48          0          0          0          0         68   fflt_clz.o
       258          4          0          0          0         84   fmul.o
       140          4          0          0          0         84   fnaninf.o
        10          0          0          0          0         68   fretinf.o
         4          0          0          0          0         68   printf1.o
         0          0          0          0          0          0   usenofp.o
        40          0          0          0          0         68   fpclassify.o

    ----------------------------------------------------------------------
      8420        484        448          0         96       4632   Library Totals
        26          0          0          0          0          0   (incl. Padding)

    ----------------------------------------------------------------------

      Code (inc. data)   RO Data    RW Data    ZI Data      Debug   Library Name

      4788        208        448          0         96       2824   c_w.l
      3566        276          0          0          0       1740   fz_ws.l
        40          0          0          0          0         68   m_ws.l

    ----------------------------------------------------------------------
      8420        484        448          0         96       4632   Library Totals

    ----------------------------------------------------------------------

==============================================================================


      Code (inc. data)   RO Data    RW Data    ZI Data      Debug   

     10696        608        716         20       1820      26037   Grand Totals
     10696        608        716         20       1820      26037   ELF Image Totals
     10696        608        716         20          0          0   ROM Totals

==============================================================================

    Total RO  Size (Code + RO Data)                11412 (  11.14kB)
    Total RW  Size (RW Data + ZI Data)              1840 (   1.80kB)
    Total ROM Size (Code + RO Data + RW Data)      11432 (  11.16kB)

==============================================================================

